Archive member included to satisfy reference by file (symbol)

C:/devkitPro/libnx/lib\libnx.a(applet.o)
                              main.o (appletMainLoop)
C:/devkitPro/libnx/lib\libnx.a(hid.o)
                              main.o (hidKeysDown)
C:/devkitPro/libnx/lib\libnx.a(apm.o)
                              C:/devkitPro/libnx/lib\libnx.a(applet.o) (apmExit)
C:/devkitPro/libnx/lib\libnx.a(fatal.o)
                              C:/devkitPro/libnx/lib\libnx.a(applet.o) (fatalSimple)
C:/devkitPro/libnx/lib\libnx.a(spl.o)
                              main.o (splInitialize)
C:/devkitPro/libnx/lib\libnx.a(sm.o)
                              C:/devkitPro/libnx/lib\libnx.a(fatal.o) (smHasInitialized)
C:/devkitPro/libnx/lib\libnx.a(hosversion.o)
                              C:/devkitPro/libnx/lib\libnx.a(applet.o) (hosversionGet)
C:/devkitPro/libnx/lib\libnx.a(env.o)
                              C:/devkitPro/libnx/lib\libnx.a(applet.o) (envIsNso)
C:/devkitPro/libnx/lib\libnx.a(console.o)
                              main.o (consoleInit)
C:/devkitPro/libnx/lib\libnx.a(console_sw.o)
                              C:/devkitPro/libnx/lib\libnx.a(console.o) (getDefaultConsoleRenderer)
C:/devkitPro/libnx/lib\libnx.a(svc.o)
                              C:/devkitPro/libnx/lib\libnx.a(applet.o) (svcExitProcess)
C:/devkitPro/libnx/lib\libnx.a(switch_crt0.o)
                              (_start)
C:/devkitPro/libnx/lib\libnx.a(default_font.bin.o)
                              C:/devkitPro/libnx/lib\libnx.a(console.o) (default_font_bin)
C:/devkitPro/libnx/lib\libnx.a(detect.o)
                              C:/devkitPro/libnx/lib\libnx.a(fatal.o) (detectKernelVersion)
C:/devkitPro/libnx/lib\libnx.a(shmem.o)
                              C:/devkitPro/libnx/lib\libnx.a(hid.o) (shmemLoadRemote)
C:/devkitPro/libnx/lib\libnx.a(wait.o)
                              C:/devkitPro/libnx/lib\libnx.a(applet.o) (waitObjects)
C:/devkitPro/libnx/lib\libnx.a(rwlock.o)
                              C:/devkitPro/libnx/lib\libnx.a(hid.o) (rwlockReadLock)
C:/devkitPro/libnx/lib\libnx.a(tmem.o)
                              C:/devkitPro/libnx/lib\libnx.a(applet.o) (tmemCreate)
C:/devkitPro/libnx/lib\libnx.a(mutex.o)
                              C:/devkitPro/libnx/lib\libnx.a(detect.o) (mutexLock)
C:/devkitPro/libnx/lib\libnx.a(virtmem.o)
                              C:/devkitPro/libnx/lib\libnx.a(shmem.o) (virtmemReserve)
C:/devkitPro/libnx/lib\libnx.a(event.o)
                              C:/devkitPro/libnx/lib\libnx.a(applet.o) (eventLoadRemote)
C:/devkitPro/libnx/lib\libnx.a(condvar.o)
                              C:/devkitPro/libnx/lib\libnx.a(rwlock.o) (condvarWaitTimeout)
C:/devkitPro/libnx/lib\libnx.a(framebuffer.o)
                              C:/devkitPro/libnx/lib\libnx.a(console_sw.o) (framebufferMakeLinear)
C:/devkitPro/libnx/lib\libnx.a(default_window.o)
                              C:/devkitPro/libnx/lib\libnx.a(console_sw.o) (nwindowGetDefault)
C:/devkitPro/libnx/lib\libnx.a(native_window.o)
                              C:/devkitPro/libnx/lib\libnx.a(framebuffer.o) (nwindowIsValid)
C:/devkitPro/libnx/lib\libnx.a(dynamic.o)
                              C:/devkitPro/libnx/lib\libnx.a(switch_crt0.o) (__nx_dynamic)
C:/devkitPro/libnx/lib\libnx.a(init.o)
                              C:/devkitPro/libnx/lib\libnx.a(switch_crt0.o) (__libnx_init)
C:/devkitPro/libnx/lib\libnx.a(newlib.o)
                              C:/devkitPro/libnx/lib\libnx.a(init.o) (__libnx_init_time)
C:/devkitPro/libnx/lib\libnx.a(argv.o)
                              C:/devkitPro/libnx/lib\libnx.a(init.o) (argvSetup)
C:/devkitPro/libnx/lib\libnx.a(fs_dev.o)
                              C:/devkitPro/libnx/lib\libnx.a(init.o) (fsdevMountSdmc)
C:/devkitPro/libnx/lib\libnx.a(decode_utf8.o)
                              C:/devkitPro/libnx/lib\libnx.a(fs_dev.o) (decode_utf8)
C:/devkitPro/libnx/lib\libnx.a(cache.o)
                              C:/devkitPro/libnx/lib\libnx.a(framebuffer.o) (armDCacheFlush)
C:/devkitPro/libnx/lib\libnx.a(exception.o)
                              C:/devkitPro/libnx/lib\libnx.a(switch_crt0.o) (__libnx_exception_entry)
C:/devkitPro/libnx/lib\libnx.a(readtp.o)
                              C:/devkitPro/libnx/lib\libnx.a(fs_dev.o) (__aarch64_read_tp)
C:/devkitPro/libnx/lib\libnx.a(thread.o)
                              C:/devkitPro/libnx/lib\libnx.a(newlib.o) (threadCreate)
C:/devkitPro/libnx/lib\libnx.a(nv.o)
                              C:/devkitPro/libnx/lib\libnx.a(framebuffer.o) (nvExit)
C:/devkitPro/libnx/lib\libnx.a(time.o)
                              C:/devkitPro/libnx/lib\libnx.a(init.o) (timeExit)
C:/devkitPro/libnx/lib\libnx.a(vi.o)
                              C:/devkitPro/libnx/lib\libnx.a(default_window.o) (viExit)
C:/devkitPro/libnx/lib\libnx.a(set.o)
[...]
Memory Configuration

Name             Origin             Length             Attributes
*default*        0x0000000000000000 0xffffffffffffffff

Linker script and memory map

                0x0000000000000000                PROVIDE (__start__ = 0x0)
                0x0000000000000000                . = __start__
                0x0000000000000000                __code_start = .

.crt0           0x0000000000000000      0x158
 *(.crt0)
 .crt0          0x0000000000000000      0x158 C:/devkitPro/libnx/lib\libnx.a(switch_crt0.o)
                0x0000000000000000                _start
                0x0000000000000120                __nx_exit
                0x0000000000000130                __nx_mod0
                0x0000000000000158                . = ALIGN (0x8)

.init           0x0000000000000158       0x38
 *(.init)
 .init          0x0000000000000158       0x18 c:/devkitpro/devkita64/bin/../lib/gcc/aarch64-none-elf/8.3.0/pic/crti.o
                0x0000000000000158                _init
 .init          0x0000000000000170       0x1c c:/devkitpro/devkita64/bin/../lib/gcc/aarch64-none-elf/8.3.0/pic/crtn.o
                0x0000000000000190                . = ALIGN (0x8)
 *fill*         0x000000000000018c        0x4 

.plt            0x0000000000000190        0x0
 *(.plt)
 .plt           0x0000000000000190        0x0 c:/devkitpro/devkita64/bin/../lib/gcc/aarch64-none-elf/8.3.0/pic/crti.o
 *(.iplt)
                0x0000000000000190                . = ALIGN (0x8)

.text           0x00000000000001c0    0x29488
 *(.text.unlikely .text.*_unlikely .text.unlikely.*)
 *(.text.exit .text.exit.*)
 .text.exit     0x00000000000001c0       0x38 c:/devkitpro/devkita64/bin/../lib/gcc/aarch64-none-elf/8.3.0/../../../../aarch64-none-elf/lib/pic\libg.a(lib_a-exit.o)
                0x00000000000001c0                exit
 *(.text.startup .text.startup.*)
 *fill*         0x00000000000001f8        0x8 
 .text.startup.main
                0x0000000000000200      0x1b0 main.o
                0x0000000000000200                main
 *(.text.hot .text.hot.*)
 *(.text .stub .text.* .gnu.linkonce.t.*)
 .text.deregister_tm_clones
                0x00000000000003b0       0x2c c:/devkitpro/devkita64/bin/../lib/gcc/aarch64-none-elf/8.3.0/pic/crtbegin.o
 *fill*         0x00000000000003dc        0x4 
 .text.register_tm_clones
                0x00000000000003e0       0x38 c:/devkitpro/devkita64/bin/../lib/gcc/aarch64-none-elf/8.3.0/pic/crtbegin.o
 .text.__do_global_dtors_aux
                0x0000000000000418       0x48 c:/devkitpro/devkita64/bin/../lib/gcc/aarch64-none-elf/8.3.0/pic/crtbegin.o
 .text.frame_dummy
                0x0000000000000460       0x34 c:/devkitpro/devkita64/bin/../lib/gcc/aarch64-none-elf/8.3.0/pic/crtbegin.o
 *fill*         0x0000000000000494        0xc 
 .text.do_iram_dram_copy
                0x00000000000004a0       0x7c main.o
                0x00000000000004a0                do_iram_dram_copy
 *fill*         0x000000000000051c        0x4 
 .text.ipcPrepareHeader
                0x0000000000000520      0x220 C:/devkitPro/libnx/lib\libnx.a(applet.o)
 .text.ipcParse
                0x0000000000000740      0x22c C:/devkitPro/libnx/lib\libnx.a(applet.o)
 *fill*         0x000000000000096c        0x4 
 .text.serviceIpcParse
                0x0000000000000970       0xb0 C:/devkitPro/libnx/lib\libnx.a(applet.o)
 .text._appletInfiniteSleepLoop
                0x0000000000000a20       0x24 C:/devkitPro/libnx/lib\libnx.a(applet.o)
 *fill*         0x0000000000000a44        0xc 
 .text.ipcConvertSessionToDomain
                0x0000000000000a50       0x78 C:/devkitPro/libnx/lib\libnx.a(applet.o)
 *fill*         0x0000000000000ac8        0x8 
 .text.serviceIpcPrepareHeader
                0x0000000000000ad0       0xa8 C:/devkitPro/libnx/lib\libnx.a(applet.o)
 *fill*         0x0000000000000b78        0x8 
 .text.ipcQueryPointerBufferSize.part.38
                0x0000000000000b80       0x38 C:/devkitPro/libnx/lib\libnx.a(applet.o)
 *fill*         0x0000000000000bb8        0x8 
 .text.ipcCloneSession.constprop.62
                0x0000000000000bc0       0x84 C:/devkitPro/libnx/lib\libnx.a(applet.o)
 *fill*         0x0000000000000c44        0xc 
 .text._appletGetSessionProxy.constprop.57
                0x0000000000000c50      0x19c C:/devkitPro/libnx/lib\libnx.a(applet.o)
 *fill*         0x0000000000000dec        0x4 
 .text.ipcCloseObjectById
                0x0000000000000df0       0x34 C:/devkitPro/libnx/lib\libnx.a(applet.o)
 *fill*         0x0000000000000e24        0xc 
 .text.serviceClose
                0x0000000000000e30       0x6c C:/devkitPro/libnx/lib\libnx.a(applet.o)
 *fill*         0x0000000000000e9c        0x4 
 .text._appletGetLaunchReason
                0x0000000000000ea0      0x148 C:/devkitPro/libnx/lib\libnx.a(applet.o)
 *fill*         0x0000000000000fe8        0x8 
 .text._appletCmdNoInOut32
                0x0000000000000ff0      0x1b8 C:/devkitPro/libnx/lib\libnx.a(applet.o)
 *fill*         0x00000000000011a8        0x8 
 .text._appletCmdNoInOut64
                0x00000000000011b0      0x1b8 C:/devkitPro/libnx/lib\libnx.a(applet.o)
 *fill*         0x0000000000001368        0x8 
 .text._appletGetLibraryAppletInfo
                0x0000000000001370      0x1b8 C:/devkitPro/libnx/lib\libnx.a(applet.o)
 *fill*         0x0000000000001528        0x8 
 .text._appletCmdNoInOutU8
                0x0000000000001530      0x1b8 C:/devkitPro/libnx/lib\libnx.a(applet.o)
 *fill*         0x00000000000016e8        0x8 
 .text._appletCmdNoInOutBool
                0x00000000000016f0       0x44 C:/devkitPro/libnx/lib\libnx.a(applet.o)
 *fill*         0x0000000000001734        0xc 
 .text._appletCmdInU8
                0x0000000000001740      0x1b0 C:/devkitPro/libnx/lib\libnx.a(applet.o)
 .text._appletSetFocusHandlingMode
                0x00000000000018f0      0x1b8 C:/devkitPro/libnx/lib\libnx.a(applet.o)
 *fill*         0x0000000000001aa8        0x8 
 .text._appletGetHandle.constprop.60
                0x0000000000001ab0      0x1b4 C:/devkitPro/libnx/lib\libnx.a(applet.o)
 *fill*         0x0000000000001c64        0xc 
 .text._appletGetEvent
                0x0000000000001c70       0x64 C:/devkitPro/libnx/lib\libnx.a(applet.o)
 *fill*         0x0000000000001cd4        0xc 
 .text._appletCmdNoIO
                0x0000000000001ce0      0x17c C:/devkitPro/libnx/lib\libnx.a(applet.o)
 *fill*         0x0000000000001e5c        0x4 
 .text._appletCmdInU32
                0x0000000000001e60      0x190 C:/devkitPro/libnx/lib\libnx.a(applet.o)
 .text._appletGetSession
                0x0000000000001ff0      0x1dc C:/devkitPro/libnx/lib\libnx.a(applet.o)
 *fill*         0x00000000000021cc        0x4 
 .text.appletGetAppletType
                0x00000000000021d0       0x10 C:/devkitPro/libnx/lib\libnx.a(applet.o)
                0x00000000000021d0                appletGetAppletType
 .text.appletSetFocusHandlingMode
                0x00000000000021e0       0xfc C:/devkitPro/libnx/lib\libnx.a(applet.o)
                0x00000000000021e0                appletSetFocusHandlingMode
 *fill*         0x00000000000022dc        0x4 
 .text.appletSetCpuBoostMode
                0x00000000000022e0       0x5c C:/devkitPro/libnx/lib\libnx.a(applet.o)
                0x00000000000022e0                appletSetCpuBoostMode
 *fill*         0x000000000000233c        0x4 
 .text.appletCreateManagedDisplayLayer
                0x0000000000002340       0x14 C:/devkitPro/libnx/lib\libnx.a(applet.o)
                0x0000000000002340                appletCreateManagedDisplayLayer
 *fill*         0x0000000000002354        0xc 
 .text.appletGetAppletResourceUserId
                0x0000000000002360       0x28 C:/devkitPro/libnx/lib\libnx.a(applet.o)
                0x0000000000002360                appletGetAppletResourceUserId
 *fill*         0x0000000000002388        0x8 
 .text._appletGetIndirectLayerConsumerHandle
                0x0000000000002390      0x128 C:/devkitPro/libnx/lib\libnx.a(applet.o)
 *fill*         0x00000000000024b8        0x8 
 .text._appletHolderCreateState
                0x00000000000024c0       0x70 C:/devkitPro/libnx/lib\libnx.a(applet.o)
 .text.appletHolderClose
                0x0000000000002530       0x94 C:/devkitPro/libnx/lib\libnx.a(applet.o)
                0x0000000000002530                appletHolderClose
 *fill*         0x00000000000025c4        0xc 
 .text.appletHolderGetLibraryAppletInfo
                0x00000000000025d0        0x8 C:/devkitPro/libnx/lib\libnx.a(applet.o)
                0x00000000000025d0                appletHolderGetLibraryAppletInfo
 *fill*         0x00000000000025d8        0x8 
 .text.appletNotifyRunning
                0x00000000000025e0       0x58 C:/devkitPro/libnx/lib\libnx.a(applet.o)
                0x00000000000025e0                appletNotifyRunning
 *fill*         0x0000000000002638        0x8 
 .text.appletSetGamePlayRecordingState
                0x0000000000002640       0xe8 C:/devkitPro/libnx/lib\libnx.a(applet.o)
                0x0000000000002640                appletSetGamePlayRecordingState
 *fill*         0x0000000000002728        0x8 
 .text.appletExit
                0x0000000000002730      0x674 C:/devkitPro/libnx/lib\libnx.a(applet.o)
                0x0000000000002730                appletExit
 *fill*         0x0000000000002da4        0xc 
 .text._appletExitProcess
                0x0000000000002db0       0x20 C:/devkitPro/libnx/lib\libnx.a(applet.o)
 .text.appletGetLibraryAppletInfo
                0x0000000000002dd0       0x30 C:/devkitPro/libnx/lib\libnx.a(applet.o)
                0x0000000000002dd0                appletGetLibraryAppletInfo
 .text.appletInitialize
                0x0000000000002e00      0x818 C:/devkitPro/libnx/lib\libnx.a(applet.o)
                0x0000000000002e00                appletInitialize
 *fill*         0x0000000000003618        0x8 
 .text.appletGetMessage
                0x0000000000003620       0x68 C:/devkitPro/libnx/lib\libnx.a(applet.o)
                0x0000000000003620                appletGetMessage
 *fill*         0x0000000000003688        0x8 
 .text.appletProcessMessage
                0x0000000000003690      0x220 C:/devkitPro/libnx/lib\libnx.a(applet.o)
                0x0000000000003690                appletProcessMessage
 .text.appletMainLoop
                0x00000000000038b0       0x34 C:/devkitPro/libnx/lib\libnx.a(applet.o)
                0x00000000000038b0                appletMainLoop
 *fill*         0x00000000000038e4        0xc 
 .text.ipcCloseObjectById
                0x00000000000038f0       0x34 C:/devkitPro/libnx/lib\libnx.a(hid.o)
 *fill*         0x0000000000003924        0xc 
 .text._hidGetSharedMemoryHandle.constprop.18
                0x0000000000003930      0x124 C:/devkitPro/libnx/lib\libnx.a(hid.o)
 *fill*         0x0000000000003a54        0xc 
 .text._hidCmdWithNoInput
                0x0000000000003a60      0x100 C:/devkitPro/libnx/lib\libnx.a(hid.o)
 .text._hidCreateAppletResource.constprop.17
                0x0000000000003b60      0x134 C:/devkitPro/libnx/lib\libnx.a(hid.o)
 *fill*         0x0000000000003c94        0xc 
 .text._hidCmdWithInputU32
                0x0000000000003ca0      0x10c C:/devkitPro/libnx/lib\libnx.a(hid.o)
 *fill*         0x0000000000003dac        0x4 
 .text._hidCmdWithInputU64.constprop.24
                0x0000000000003db0      0x108 C:/devkitPro/libnx/lib\libnx.a(hid.o)
 *fill*         0x0000000000003eb8        0x8 
 .text.hidReset
                0x0000000000003ec0      0x1f8 C:/devkitPro/libnx/lib\libnx.a(hid.o)
                0x0000000000003ec0                hidReset
 *fill*         0x00000000000040b8        0x8 
 .text.hidGetSharedmemAddr
                0x00000000000040c0        0xc C:/devkitPro/libnx/lib\libnx.a(hid.o)
                0x00000000000040c0                hidGetSharedmemAddr
 *fill*         0x00000000000040cc        0x4 
 .text.hidKeysDown
                0x00000000000040d0       0x6c C:/devkitPro/libnx/lib\libnx.a(hid.o)
                0x00000000000040d0                hidKeysDown
 *fill*         0x000000000000413c        0x4 
 .text.hidTouchCount
                0x0000000000004140        0xc C:/devkitPro/libnx/lib\libnx.a(hid.o)
                0x0000000000004140                hidTouchCount
 *fill*         0x000000000000414c        0x4 
 .text.hidScanInput
                0x0000000000004150      0x598 C:/devkitPro/libnx/lib\libnx.a(hid.o)
                0x0000000000004150                hidScanInput
 *fill*         0x00000000000046e8        0x8 
 .text.hidSetSupportedNpadStyleSet
                0x00000000000046f0        0xc C:/devkitPro/libnx/lib\libnx.a(hid.o)
                0x00000000000046f0                hidSetSupportedNpadStyleSet
 *fill*         0x00000000000046fc        0x4 
 .text.hidSetSupportedNpadIdType
                0x0000000000004700      0x198 C:/devkitPro/libnx/lib\libnx.a(hid.o)
                0x0000000000004700                hidSetSupportedNpadIdType
 *fill*         0x0000000000004898        0x8 
 .text.hidSetNpadJoyHoldType
                0x00000000000048a0        0x8 C:/devkitPro/libnx/lib\libnx.a(hid.o)
                0x00000000000048a0                hidSetNpadJoyHoldType
 *fill*         0x00000000000048a8        0x8 
 .text.hidSetNpadJoyAssignmentModeDual
                0x00000000000048b0       0x24 C:/devkitPro/libnx/lib\libnx.a(hid.o)
                0x00000000000048b0                hidSetNpadJoyAssignmentModeDual
 *fill*         0x00000000000048d4        0xc 
 .text.hidFinalizeSevenSixAxisSensor
                0x00000000000048e0       0x80 C:/devkitPro/libnx/lib\libnx.a(hid.o)
                0x00000000000048e0                hidFinalizeSevenSixAxisSensor
 .text.hidExit  0x0000000000004960      0x134 C:/devkitPro/libnx/lib\libnx.a(hid.o)
                0x0000000000004960                hidExit
 *fill*         0x0000000000004a94        0xc 
 .text.hidInitialize
                0x0000000000004aa0      0x170 C:/devkitPro/libnx/lib\libnx.a(hid.o)
                0x0000000000004aa0                hidInitialize
 .text.ipcCloseObjectById
                0x0000000000004c10       0x34 C:/devkitPro/libnx/lib\libnx.a(apm.o)
 *fill*         0x0000000000004c44        0xc 
 .text._apmGetSession.constprop.4
                0x0000000000004c50      0x124 C:/devkitPro/libnx/lib\libnx.a(apm.o)
 *fill*         0x0000000000004d74        0xc 
 .text.apmExit  0x0000000000004d80       0xf0 C:/devkitPro/libnx/lib\libnx.a(apm.o)
                0x0000000000004d80                apmExit
 .text.apmInitialize
                0x0000000000004e70       0x70 C:/devkitPro/libnx/lib\libnx.a(apm.o)
                0x0000000000004e70                apmInitialize
 .text.apmSetPerformanceConfiguration
                0x0000000000004ee0       0xcc C:/devkitPro/libnx/lib\libnx.a(apm.o)
                0x0000000000004ee0                apmSetPerformanceConfiguration
 *fill*         0x0000000000004fac        0x4 
 .text._fatalImpl
                0x0000000000004fb0      0x140 C:/devkitPro/libnx/lib\libnx.a(fatal.o)
 .text.fatalWithType
                0x00000000000050f0       0x14 C:/devkitPro/libnx/lib\libnx.a(fatal.o)
                0x00000000000050f0                fatalWithType
 *fill*         0x0000000000005104        0xc 
 .text.fatalSimple
                0x0000000000005110       0x14 C:/devkitPro/libnx/lib\libnx.a(fatal.o)
                0x0000000000005110                fatalSimple
 *fill*         0x0000000000005124        0xc 
 .text._splSrvInitialize
                0x0000000000005130       0x2c C:/devkitPro/libnx/lib\libnx.a(spl.o)
 *fill*         0x000000000000515c        0x4 
 .text._splGetCryptoSrv
                0x0000000000005160       0x7c C:/devkitPro/libnx/lib\libnx.a(spl.o)
 *fill*         0x00000000000051dc        0x4 
 .text._splGetGeneralSrv.part.6
                0x00000000000051e0       0x18 C:/devkitPro/libnx/lib\libnx.a(spl.o)
 *fill*         0x00000000000051f8        0x8 
 .text.ipcCloseObjectById
                0x0000000000005200       0x34 C:/devkitPro/libnx/lib\libnx.a(spl.o)
 *fill*         0x0000000000005234        0xc 
 .text._splSrvExit
                0x0000000000005240       0x78 C:/devkitPro/libnx/lib\libnx.a(spl.o)
 *fill*         0x00000000000052b8        0x8 
 .text.splInitialize
                0x00000000000052c0       0x1c C:/devkitPro/libnx/lib\libnx.a(spl.o)
                0x00000000000052c0                splInitialize
 *fill*         0x00000000000052dc        0x4 
 .text.splExit  0x00000000000052e0       0x14 C:/devkitPro/libnx/lib\libnx.a(spl.o)
                0x00000000000052e0                splExit
 *fill*         0x00000000000052f4        0xc 
 .text.splSetConfig
                0x0000000000005300       0xf4 C:/devkitPro/libnx/lib\libnx.a(spl.o)
                0x0000000000005300                splSetConfig
 *fill*         0x00000000000053f4        0xc 
 .text.ipcCloseObjectById
                0x0000000000005400       0x34 C:/devkitPro/libnx/lib\libnx.a(sm.o)
 *fill*         0x0000000000005434        0xc 
 .text.smAddOverrideHandle
                0x0000000000005440       0x44 C:/devkitPro/libnx/lib\libnx.a(sm.o)
                0x0000000000005440                smAddOverrideHandle
 *fill*         0x0000000000005484        0xc 
 .text.smGetServiceOverride
                0x0000000000005490       0x60 C:/devkitPro/libnx/lib\libnx.a(sm.o)
                0x0000000000005490                smGetServiceOverride
 .text.smHasInitialized
                0x00000000000054f0       0x14 C:/devkitPro/libnx/lib\libnx.a(sm.o)
                0x00000000000054f0                smHasInitialized
 *fill*         0x0000000000005504        0xc 
 .text.smExit   0x0000000000005510       0x9c C:/devkitPro/libnx/lib\libnx.a(sm.o)
                0x0000000000005510                smExit
 *fill*         0x00000000000055ac        0x4 
 .text.smEncodeName
                0x00000000000055b0       0x38 C:/devkitPro/libnx/lib\libnx.a(sm.o)
                0x00000000000055b0                smEncodeName
 *fill*         0x00000000000055e8        0x8 
 .text.smGetServiceOriginal
                0x00000000000055f0      0x22c C:/devkitPro/libnx/lib\libnx.a(sm.o)
                0x00000000000055f0                smGetServiceOriginal
 *fill*         0x000000000000581c        0x4 
 .text.smInitialize
                0x0000000000005820      0x27c C:/devkitPro/libnx/lib\libnx.a(sm.o)
                0x0000000000005820                smInitialize
 *fill*         0x0000000000005a9c        0x4 
 .text.smGetService
                0x0000000000005aa0       0x74 C:/devkitPro/libnx/lib\libnx.a(sm.o)
                0x0000000000005aa0                smGetService
 *fill*         0x0000000000005b14        0xc 
 .text.hosversionGet
                0x0000000000005b20       0x10 C:/devkitPro/libnx/lib\libnx.a(hosversion.o)
                0x0000000000005b20                hosversionGet
 .text.hosversionSet
                0x0000000000005b30       0x10 C:/devkitPro/libnx/lib\libnx.a(hosversion.o)
                0x0000000000005b30                hosversionSet
 .text.envSetup
                0x0000000000005b40      0x254 C:/devkitPro/libnx/lib\libnx.a(env.o)
                0x0000000000005b40                envSetup
 *fill*         0x0000000000005d94        0xc 
 .text.envGetMainThreadHandle
                0x0000000000005da0       0x20 C:/devkitPro/libnx/lib\libnx.a(env.o)
                0x0000000000005da0                envGetMainThreadHandle
 .text.envIsNso
                0x0000000000005dc0        0xc C:/devkitPro/libnx/lib\libnx.a(env.o)
                0x0000000000005dc0                envIsNso
 *fill*         0x0000000000005dcc        0x4 
 .text.envHasHeapOverride
                0x0000000000005dd0       0x14 C:/devkitPro/libnx/lib\libnx.a(env.o)
                0x0000000000005dd0                envHasHeapOverride
 *fill*         0x0000000000005de4        0xc 
 .text.envGetHeapOverrideAddr
                0x0000000000005df0        0xc C:/devkitPro/libnx/lib\libnx.a(env.o)
                0x0000000000005df0                envGetHeapOverrideAddr
 *fill*         0x0000000000005dfc        0x4 
 .text.envGetHeapOverrideSize
                0x0000000000005e00        0xc C:/devkitPro/libnx/lib\libnx.a(env.o)
                0x0000000000005e00                envGetHeapOverrideSize
 *fill*         0x0000000000005e0c        0x4 
 .text.envHasArgv
                0x0000000000005e10       0x14 C:/devkitPro/libnx/lib\libnx.a(env.o)
                0x0000000000005e10                envHasArgv
 *fill*         0x0000000000005e24        0xc 
 .text.envGetArgv
                0x0000000000005e30        0xc C:/devkitPro/libnx/lib\libnx.a(env.o)
                0x0000000000005e30                envGetArgv
 *fill*         0x0000000000005e3c        0x4 
 .text.envGetExitFuncPtr
                0x0000000000005e40        0xc C:/devkitPro/libnx/lib\libnx.a(env.o)
                0x0000000000005e40                envGetExitFuncPtr
 *fill*         0x0000000000005e4c        0x4 
 .text.envSetExitFuncPtr
                0x0000000000005e50        0xc C:/devkitPro/libnx/lib\libnx.a(env.o)
                0x0000000000005e50                envSetExitFuncPtr
 *fill*         0x0000000000005e5c        0x4 
 .text.consoleDrawChar
                0x0000000000005e60       0x44 C:/devkitPro/libnx/lib\libnx.a(console.o)
 *fill*         0x0000000000005ea4        0xc 
 .text.consoleClearLine
                0x0000000000005eb0      0x140 C:/devkitPro/libnx/lib\libnx.a(console.o)
 .text.consoleNewRow
                0x0000000000005ff0       0x4c C:/devkitPro/libnx/lib\libnx.a(console.o)
 *fill*         0x000000000000603c        0x4 
 .text.consolePrintChar
                0x0000000000006040      0x118 C:/devkitPro/libnx/lib\libnx.a(console.o)
 *fill*         0x0000000000006158        0x8 
 .text.consoleCls
                0x0000000000006160      0x15c C:/devkitPro/libnx/lib\libnx.a(console.o)
 *fill*         0x00000000000062bc        0x4 
 .text.con_write
                0x00000000000062c0      0x7e0 C:/devkitPro/libnx/lib\libnx.a(console.o)
 .text.consoleInit
                0x0000000000006aa0      0x11c C:/devkitPro/libnx/lib\libnx.a(console.o)
                0x0000000000006aa0                consoleInit
 *fill*         0x0000000000006bbc        0x4 
 .text.consoleExit
                0x0000000000006bc0       0x48 C:/devkitPro/libnx/lib\libnx.a(console.o)
                0x0000000000006bc0                consoleExit
 *fill*         0x0000000000006c08        0x8 
 .text.consoleUpdate
                0x0000000000006c10       0x28 C:/devkitPro/libnx/lib\libnx.a(console.o)
                0x0000000000006c10                consoleUpdate
 *fill*         0x0000000000006c38        0x8 
 .text.ConsoleSwRenderer_flushAndSwap
                0x0000000000006c40       0x70 C:/devkitPro/libnx/lib\libnx.a(console_sw.o)
 .text.ConsoleSwRenderer_scrollWindow
                0x0000000000006cb0       0xc4 C:/devkitPro/libnx/lib\libnx.a(console_sw.o)
 *fill*         0x0000000000006d74        0xc 
 .text.ConsoleSwRenderer_drawChar
                0x0000000000006d80      0x188 C:/devkitPro/libnx/lib\libnx.a(console_sw.o)
 *fill*         0x0000000000006f08        0x8 
 .text.ConsoleSwRenderer_deinit
                0x0000000000006f10       0x3c C:/devkitPro/libnx/lib\libnx.a(console_sw.o)
 *fill*         0x0000000000006f4c        0x4 
 .text.ConsoleSwRenderer_init
                0x0000000000006f50       0xf4 C:/devkitPro/libnx/lib\libnx.a(console_sw.o)
 *fill*         0x0000000000007044        0xc 
 .text.getDefaultConsoleRenderer
                0x0000000000007050        0xc C:/devkitPro/libnx/lib\libnx.a(console_sw.o)
                0x0000000000007050                getDefaultConsoleRenderer
 .text.svcSetHeapSize
                0x000000000000705c       0x14 C:/devkitPro/libnx/lib\libnx.a(svc.o)
                0x000000000000705c                svcSetHeapSize
 .text.svcSetMemoryAttribute
                0x0000000000007070        0x8 C:/devkitPro/libnx/lib\libnx.a(svc.o)
                0x0000000000007070                svcSetMemoryAttribute
 .text.svcUnmapMemory
                0x0000000000007078        0x8 C:/devkitPro/libnx/lib\libnx.a(svc.o)
                0x0000000000007078                svcUnmapMemory
 .text.svcQueryMemory
                0x0000000000007080       0x14 C:/devkitPro/libnx/lib\libnx.a(svc.o)
                0x0000000000007080                svcQueryMemory
 .text.svcExitProcess
                0x0000000000007094        0x8 C:/devkitPro/libnx/lib\libnx.a(svc.o)
                0x0000000000007094                svcExitProcess
 .text.svcSleepThread
                0x000000000000709c        0x8 C:/devkitPro/libnx/lib\libnx.a(svc.o)
                0x000000000000709c                svcSleepThread
 .text.svcMapSharedMemory
                0x00000000000070a4        0x8 C:/devkitPro/libnx/lib\libnx.a(svc.o)
                0x00000000000070a4                svcMapSharedMemory
 .text.svcUnmapSharedMemory
                0x00000000000070ac        0x8 C:/devkitPro/libnx/lib\libnx.a(svc.o)
                0x00000000000070ac                svcUnmapSharedMemory
 .text.svcCreateTransferMemory
                0x00000000000070b4       0x14 C:/devkitPro/libnx/lib\libnx.a(svc.o)
                0x00000000000070b4                svcCreateTransferMemory
 .text.svcCloseHandle
                0x00000000000070c8        0x8 C:/devkitPro/libnx/lib\libnx.a(svc.o)
                0x00000000000070c8                svcCloseHandle
 .text.svcResetSignal
                0x00000000000070d0        0x8 C:/devkitPro/libnx/lib\libnx.a(svc.o)
                0x00000000000070d0                svcResetSignal
 .text.svcWaitSynchronization
                0x00000000000070d8       0x14 C:/devkitPro/libnx/lib\libnx.a(svc.o)
                0x00000000000070d8                svcWaitSynchronization
 .text.svcArbitrateLock
                0x00000000000070ec        0x8 C:/devkitPro/libnx/lib\libnx.a(svc.o)
                0x00000000000070ec                svcArbitrateLock
 .text.svcArbitrateUnlock
                0x00000000000070f4        0x8 C:/devkitPro/libnx/lib\libnx.a(svc.o)
                0x00000000000070f4                svcArbitrateUnlock
 .text.svcWaitProcessWideKeyAtomic
                0x00000000000070fc        0x8 C:/devkitPro/libnx/lib\libnx.a(svc.o)
                0x00000000000070fc                svcWaitProcessWideKeyAtomic
 .text.svcSignalProcessWideKey
                0x0000000000007104        0x8 C:/devkitPro/libnx/lib\libnx.a(svc.o)
                0x0000000000007104                svcSignalProcessWideKey
 .text.svcConnectToNamedPort
                0x000000000000710c       0x14 C:/devkitPro/libnx/lib\libnx.a(svc.o)
                0x000000000000710c                svcConnectToNamedPort
 .text.svcSendSyncRequest
                0x0000000000007120        0x8 C:/devkitPro/libnx/lib\libnx.a(svc.o)
                0x0000000000007120                svcSendSyncRequest
 .text.svcBreak
                0x0000000000007128        0x8 C:/devkitPro/libnx/lib\libnx.a(svc.o)
                0x0000000000007128                svcBreak
 .text.svcReturnFromException
                0x0000000000007130        0x8 C:/devkitPro/libnx/lib\libnx.a(svc.o)
                0x0000000000007130                svcReturnFromException
 .text.svcGetInfo
                0x0000000000007138       0x14 C:/devkitPro/libnx/lib\libnx.a(svc.o)
                0x0000000000007138                svcGetInfo
 .text.svcUnmapTransferMemory
                0x000000000000714c        0x8 C:/devkitPro/libnx/lib\libnx.a(svc.o)
                0x000000000000714c                svcUnmapTransferMemory
 .text.svcCallSecureMonitor
                0x0000000000007154       0x34 C:/devkitPro/libnx/lib\libnx.a(svc.o)
                0x0000000000007154                svcCallSecureMonitor
 *fill*         0x0000000000007188        0x8 
 .text.detectKernelVersion
                0x0000000000007190      0x17c C:/devkitPro/libnx/lib\libnx.a(detect.o)
                0x0000000000007190                detectKernelVersion
 *fill*         0x000000000000730c        0x4 
 .text.detectDebugger
                0x0000000000007310       0x30 C:/devkitPro/libnx/lib\libnx.a(detect.o)
                0x0000000000007310                detectDebugger
 .text.shmemLoadRemote
                0x0000000000007340       0x14 C:/devkitPro/libnx/lib\libnx.a(shmem.o)
                0x0000000000007340                shmemLoadRemote
 *fill*         0x0000000000007354        0xc 
 .text.shmemMap
                0x0000000000007360       0x84 C:/devkitPro/libnx/lib\libnx.a(shmem.o)
                0x0000000000007360                shmemMap
 *fill*         0x00000000000073e4        0xc 
 .text.shmemUnmap
                0x00000000000073f0       0x58 C:/devkitPro/libnx/lib\libnx.a(shmem.o)
                0x00000000000073f0                shmemUnmap
 *fill*         0x0000000000007448        0x8 
 .text.shmemClose
                0x0000000000007450       0x44 C:/devkitPro/libnx/lib\libnx.a(shmem.o)
                0x0000000000007450                shmemClose
 *fill*         0x0000000000007494        0xc 
 .text._waitLoop
                0x00000000000074a0      0x104 C:/devkitPro/libnx/lib\libnx.a(wait.o)
 *fill*         0x00000000000075a4        0xc 
 .text._waitObjectsImpl
                0x00000000000075b0      0x338 C:/devkitPro/libnx/lib\libnx.a(wait.o)
 *fill*         0x00000000000078e8        0x8 
 .text.waitObjects
                0x00000000000078f0        0xc C:/devkitPro/libnx/lib\libnx.a(wait.o)
                0x00000000000078f0                waitObjects
 *fill*         0x00000000000078fc        0x4 
 .text.rwlockReadLock
                0x0000000000007900       0x58 C:/devkitPro/libnx/lib\libnx.a(rwlock.o)
                0x0000000000007900                rwlockReadLock
 *fill*         0x0000000000007958        0x8 
 .text.rwlockReadUnlock
                0x0000000000007960       0x5c C:/devkitPro/libnx/lib\libnx.a(rwlock.o)
                0x0000000000007960                rwlockReadUnlock
 *fill*         0x00000000000079bc        0x4 
 .text.rwlockWriteLock
                0x00000000000079c0       0x84 C:/devkitPro/libnx/lib\libnx.a(rwlock.o)
                0x00000000000079c0                rwlockWriteLock
 *fill*         0x0000000000007a44        0xc 
 .text.rwlockWriteUnlock
                0x0000000000007a50       0x3c C:/devkitPro/libnx/lib\libnx.a(rwlock.o)
                0x0000000000007a50                rwlockWriteUnlock
 *fill*         0x0000000000007a8c        0x4 
 .text.tmemCreate
                0x0000000000007a90       0xa8 C:/devkitPro/libnx/lib\libnx.a(tmem.o)
                0x0000000000007a90                tmemCreate
 *fill*         0x0000000000007b38        0x8 
 .text.tmemUnmap
                0x0000000000007b40       0x58 C:/devkitPro/libnx/lib\libnx.a(tmem.o)
                0x0000000000007b40                tmemUnmap
 *fill*         0x0000000000007b98        0x8 
 .text.tmemClose
                0x0000000000007ba0       0x68 C:/devkitPro/libnx/lib\libnx.a(tmem.o)
                0x0000000000007ba0                tmemClose
 *fill*         0x0000000000007c08        0x8 
 .text.mutexLock
                0x0000000000007c10       0x8c C:/devkitPro/libnx/lib\libnx.a(mutex.o)
                0x0000000000007c10                mutexLock
 *fill*         0x0000000000007c9c        0x4 
 .text.mutexUnlock
                0x0000000000007ca0       0x30 C:/devkitPro/libnx/lib\libnx.a(mutex.o)
                0x0000000000007ca0                mutexUnlock
 .text.rmutexLock
                0x0000000000007cd0       0x4c C:/devkitPro/libnx/lib\libnx.a(mutex.o)
                0x0000000000007cd0                rmutexLock
 *fill*         0x0000000000007d1c        0x4 
 .text.rmutexUnlock
                0x0000000000007d20       0x1c C:/devkitPro/libnx/lib\libnx.a(mutex.o)
                0x0000000000007d20                rmutexUnlock
 *fill*         0x0000000000007d3c        0x4 
 .text._GetRegionFromInfo.isra.1
                0x0000000000007d40       0x7c C:/devkitPro/libnx/lib\libnx.a(virtmem.o)
 *fill*         0x0000000000007dbc        0x4 
 .text.virtmemSetup
                0x0000000000007dc0      0x114 C:/devkitPro/libnx/lib\libnx.a(virtmem.o)
                0x0000000000007dc0                virtmemSetup
 *fill*         0x0000000000007ed4        0xc 
 .text.virtmemReserve
                0x0000000000007ee0      0x13c C:/devkitPro/libnx/lib\libnx.a(virtmem.o)
                0x0000000000007ee0                virtmemReserve
 *fill*         0x000000000000801c        0x4 
 .text.virtmemFree
                0x0000000000008020        0x4 C:/devkitPro/libnx/lib\libnx.a(virtmem.o)
                0x0000000000008020                virtmemFree
 *fill*         0x0000000000008024        0xc 
 .text.eventLoadRemote
                0x0000000000008030        0xc C:/devkitPro/libnx/lib\libnx.a(event.o)
                0x0000000000008030                eventLoadRemote
 *fill*         0x000000000000803c        0x4 
 .text.eventWait
                0x0000000000008040       0x38 C:/devkitPro/libnx/lib\libnx.a(event.o)
                0x0000000000008040                eventWait
 *fill*         0x0000000000008078        0x8 
 .text.eventClose
                0x0000000000008080       0x50 C:/devkitPro/libnx/lib\libnx.a(event.o)
                0x0000000000008080                eventClose
 .text.condvarWaitTimeout
                0x00000000000080d0       0x60 C:/devkitPro/libnx/lib\libnx.a(condvar.o)
                0x00000000000080d0                condvarWaitTimeout
 .text.framebufferMakeLinear
                0x0000000000008130       0x80 C:/devkitPro/libnx/lib\libnx.a(framebuffer.o)
                0x0000000000008130                framebufferMakeLinear
 .text.framebufferClose
                0x00000000000081b0       0x78 C:/devkitPro/libnx/lib\libnx.a(framebuffer.o)
                0x00000000000081b0                framebufferClose
 *fill*         0x0000000000008228        0x8 
 .text.framebufferCreate
                0x0000000000008230      0x298 C:/devkitPro/libnx/lib\libnx.a(framebuffer.o)
                0x0000000000008230                framebufferCreate
 *fill*         0x00000000000084c8        0x8 
 .text.framebufferBegin
                0x00000000000084d0       0x80 C:/devkitPro/libnx/lib\libnx.a(framebuffer.o)
                0x00000000000084d0                framebufferBegin
 .text.framebufferEnd
                0x0000000000008550      0x17c C:/devkitPro/libnx/lib\libnx.a(framebuffer.o)
                0x0000000000008550                framebufferEnd
 *fill*         0x00000000000086cc        0x4 
 .text.nwindowGetDefault
                0x00000000000086d0        0xc C:/devkitPro/libnx/lib\libnx.a(default_window.o)
                0x00000000000086d0                nwindowGetDefault
 *fill*         0x00000000000086dc        0x4 
 .text.__nx_win_init
                0x00000000000086e0       0xc8 C:/devkitPro/libnx/lib\libnx.a(default_window.o)
                0x00000000000086e0                __nx_win_init
 *fill*         0x00000000000087a8        0x8 
 .text.__nx_win_exit
                0x00000000000087b0       0x34 C:/devkitPro/libnx/lib\libnx.a(default_window.o)
                0x00000000000087b0                __nx_win_exit
 *fill*         0x00000000000087e4        0xc 
 .text._nwindowConnect
                0x00000000000087f0       0x54 C:/devkitPro/libnx/lib\libnx.a(native_window.o)
 *fill*         0x0000000000008844        0xc 
 .text._nwindowDisconnect
                0x0000000000008850       0x40 C:/devkitPro/libnx/lib\libnx.a(native_window.o)
 .text.nwindowIsValid
                0x0000000000008890       0x24 C:/devkitPro/libnx/lib\libnx.a(native_window.o)
                0x0000000000008890                nwindowIsValid
 *fill*         0x00000000000088b4        0xc 
 .text.nwindowClose
                0x00000000000088c0       0x6c C:/devkitPro/libnx/lib\libnx.a(native_window.o)
                0x00000000000088c0                nwindowClose
 *fill*         0x000000000000892c        0x4 
 .text.nwindowCreate
                0x0000000000008930       0xd4 C:/devkitPro/libnx/lib\libnx.a(native_window.o)
                0x0000000000008930                nwindowCreate
 *fill*         0x0000000000008a04        0xc 
 .text.nwindowCreateFromLayer
                0x0000000000008a10       0x34 C:/devkitPro/libnx/lib\libnx.a(native_window.o)
                0x0000000000008a10                nwindowCreateFromLayer
 *fill*         0x0000000000008a44        0xc 
 .text.nwindowSetDimensions
                0x0000000000008a50       0x88 C:/devkitPro/libnx/lib\libnx.a(native_window.o)
                0x0000000000008a50                nwindowSetDimensions
 *fill*         0x0000000000008ad8        0x8 
 .text.nwindowConfigureBuffer
                0x0000000000008ae0      0x154 C:/devkitPro/libnx/lib\libnx.a(native_window.o)
                0x0000000000008ae0                nwindowConfigureBuffer
 *fill*         0x0000000000008c34        0xc 
 .text.nwindowDequeueBuffer
                0x0000000000008c40      0x1e4 C:/devkitPro/libnx/lib\libnx.a(native_window.o)
                0x0000000000008c40                nwindowDequeueBuffer
 *fill*         0x0000000000008e24        0xc 
 .text.nwindowQueueBuffer
                0x0000000000008e30      0x144 C:/devkitPro/libnx/lib\libnx.a(native_window.o)
                0x0000000000008e30                nwindowQueueBuffer
 *fill*         0x0000000000008f74        0xc 
 .text.nwindowReleaseBuffers
                0x0000000000008f80       0xac C:/devkitPro/libnx/lib\libnx.a(native_window.o)
                0x0000000000008f80                nwindowReleaseBuffers
 *fill*         0x000000000000902c        0x4 
 .text.__nx_dynamic
                0x0000000000009030       0xa0 C:/devkitPro/libnx/lib\libnx.a(dynamic.o)
                0x0000000000009030                __nx_dynamic
 .text.__libnx_initheap
                0x00000000000090d0       0xd8 C:/devkitPro/libnx/lib\libnx.a(init.o)
                0x00000000000090d0                __libnx_initheap
 *fill*         0x00000000000091a8        0x8 
 .text.__appInit
                0x00000000000091b0       0xe4 C:/devkitPro/libnx/lib\libnx.a(init.o)
                0x00000000000091b0                __appInit
 *fill*         0x0000000000009294        0xc 
 .text.__appExit
                0x00000000000092a0       0x44 C:/devkitPro/libnx/lib\libnx.a(init.o)
                0x00000000000092a0                __appExit
 *fill*         0x00000000000092e4        0xc 
 .text.__libnx_init
                0x00000000000092f0       0x28 C:/devkitPro/libnx/lib\libnx.a(init.o)
                0x00000000000092f0                __libnx_init
 *fill*         0x0000000000009318        0x8 
 .text.__libnx_exit
                0x0000000000009320       0x20 C:/devkitPro/libnx/lib\libnx.a(init.o)
                0x0000000000009320                __libnx_exit
 .text.__syscall_exit
                0x0000000000009340       0x1c C:/devkitPro/libnx/lib\libnx.a(newlib.o)
                0x0000000000009340                __syscall_exit
 *fill*         0x000000000000935c        0x4 
 .text.__syscall_getreent
                0x0000000000009360       0x34 C:/devkitPro/libnx/lib\libnx.a(newlib.o)
                0x0000000000009360                __syscall_getreent
 *fill*         0x0000000000009394        0xc 
 .text.__syscall_lock_acquire
                0x00000000000093a0        0x4 C:/devkitPro/libnx/lib\libnx.a(newlib.o)
                0x00000000000093a0                __syscall_lock_acquire
 *fill*         0x00000000000093a4        0xc 
 .text.__syscall_lock_release
                0x00000000000093b0        0x4 C:/devkitPro/libnx/lib\libnx.a(newlib.o)
                0x00000000000093b0                __syscall_lock_release
 *fill*         0x00000000000093b4        0xc 
 .text.__syscall_lock_acquire_recursive
                0x00000000000093c0        0x4 C:/devkitPro/libnx/lib\libnx.a(newlib.o)
                0x00000000000093c0                __syscall_lock_acquire_recursive
 *fill*         0x00000000000093c4        0xc 
 .text.__syscall_lock_release_recursive
                0x00000000000093d0        0x4 C:/devkitPro/libnx/lib\libnx.a(newlib.o)
                0x00000000000093d0                __syscall_lock_release_recursive
 *fill*         0x00000000000093d4        0xc 
 .text.__libnx_init_time
                0x00000000000093e0      0x27c C:/devkitPro/libnx/lib\libnx.a(newlib.o)
                0x00000000000093e0                __libnx_init_time
 *fill*         0x000000000000965c        0x4 
 .text.newlibSetup
                0x0000000000009660       0x80 C:/devkitPro/libnx/lib\libnx.a(newlib.o)
                0x0000000000009660                newlibSetup
 .text.argvSetup
                0x00000000000096e0      0x324 C:/devkitPro/libnx/lib\libnx.a(argv.o)
                0x00000000000096e0                argvSetup
 *fill*         0x0000000000009a04        0xc 
 .text.fsdev_link
                0x0000000000009a10       0x10 C:/devkitPro/libnx/lib\libnx.a(fs_dev.o)
 .text.fsdev_dirreset
                0x0000000000009a20       0x10 C:/devkitPro/libnx/lib\libnx.a(fs_dev.o)
 .text.fsdev_chmod
                0x0000000000009a30       0x10 C:/devkitPro/libnx/lib\libnx.a(fs_dev.o)
 .text.error_cmp
                0x0000000000009a40       0x1c C:/devkitPro/libnx/lib\libnx.a(fs_dev.o)
 *fill*         0x0000000000009a5c        0x4 
 .text.fsdev_translate_error
                0x0000000000009a60       0x5c C:/devkitPro/libnx/lib\libnx.a(fs_dev.o)
 *fill*         0x0000000000009abc        0x4 
 .text.fsdev_fsync
                0x0000000000009ac0       0x40 C:/devkitPro/libnx/lib\libnx.a(fs_dev.o)
 .text.fsdev_ftruncate
                0x0000000000009b00       0x60 C:/devkitPro/libnx/lib\libnx.a(fs_dev.o)
 .text.fsdev_dirclose
                0x0000000000009b60       0x20 C:/devkitPro/libnx/lib\libnx.a(fs_dev.o)
 .text.fsdev_dirnext
                0x0000000000009b80      0x16c C:/devkitPro/libnx/lib\libnx.a(fs_dev.o)
 *fill*         0x0000000000009cec        0x4 
 .text.fsdev_close
                0x0000000000009cf0       0x1c C:/devkitPro/libnx/lib\libnx.a(fs_dev.o)
 *fill*         0x0000000000009d0c        0x4 
 .text.fsdev_fstat
                0x0000000000009d10       0xa4 C:/devkitPro/libnx/lib\libnx.a(fs_dev.o)
 *fill*         0x0000000000009db4        0xc 
 .text.fsdev_seek
                0x0000000000009dc0       0xb0 C:/devkitPro/libnx/lib\libnx.a(fs_dev.o)
 .text.fsdev_read
                0x0000000000009e70      0x1a0 C:/devkitPro/libnx/lib\libnx.a(fs_dev.o)
 .text.fsdev_write
                0x000000000000a010      0x1a8 C:/devkitPro/libnx/lib\libnx.a(fs_dev.o)
 *fill*         0x000000000000a1b8        0x8 
 .text.fsdevFindDevice
                0x000000000000a1c0      0x120 C:/devkitPro/libnx/lib\libnx.a(fs_dev.o)
 .text._fsdevMountDevice
                0x000000000000a2e0      0x140 C:/devkitPro/libnx/lib\libnx.a(fs_dev.o)
 .text.fsdev_getfspath
                0x000000000000a420      0x1fc C:/devkitPro/libnx/lib\libnx.a(fs_dev.o)
 *fill*         0x000000000000a61c        0x4 
 .text.fsdev_rmdir
                0x000000000000a620       0x70 C:/devkitPro/libnx/lib\libnx.a(fs_dev.o)
 .text.fsdev_statvfs
                0x000000000000a690       0xd4 C:/devkitPro/libnx/lib\libnx.a(fs_dev.o)
 *fill*         0x000000000000a764        0xc 
 .text.fsdev_diropen
                0x000000000000a770       0xec C:/devkitPro/libnx/lib\libnx.a(fs_dev.o)
 *fill*         0x000000000000a85c        0x4 
 .text.fsdev_mkdir
                0x000000000000a860       0x70 C:/devkitPro/libnx/lib\libnx.a(fs_dev.o)
 .text.fsdev_rename
                0x000000000000a8d0      0x114 C:/devkitPro/libnx/lib\libnx.a(fs_dev.o)
 *fill*         0x000000000000a9e4        0xc 
 .text.fsdev_chdir
                0x000000000000a9f0       0xe8 C:/devkitPro/libnx/lib\libnx.a(fs_dev.o)
 *fill*         0x000000000000aad8        0x8 
 .text.fsdev_unlink
                0x000000000000aae0       0x70 C:/devkitPro/libnx/lib\libnx.a(fs_dev.o)
 .text.fsdev_stat
                0x000000000000ab50      0x1bc C:/devkitPro/libnx/lib\libnx.a(fs_dev.o)
 *fill*         0x000000000000ad0c        0x4 
 .text.fsdev_open
                0x000000000000ad10      0x19c C:/devkitPro/libnx/lib\libnx.a(fs_dev.o)
 *fill*         0x000000000000aeac        0x4 
 .text._fsdevUnmountDeviceStruct.part.4
                0x000000000000aeb0       0xb8 C:/devkitPro/libnx/lib\libnx.a(fs_dev.o)
 *fill*         0x000000000000af68        0x8 
 .text.fsdev_fchmod
                0x000000000000af70       0x10 C:/devkitPro/libnx/lib\libnx.a(fs_dev.o)
 .text.fsdevMountSdmc
                0x000000000000af80      0x170 C:/devkitPro/libnx/lib\libnx.a(fs_dev.o)
                0x000000000000af80                fsdevMountSdmc
 .text.fsdevUnmountAll
                0x000000000000b0f0       0x64 C:/devkitPro/libnx/lib\libnx.a(fs_dev.o)
                0x000000000000b0f0                fsdevUnmountAll
 *fill*         0x000000000000b154        0xc 
 .text.decode_utf8
                0x000000000000b160      0x12c C:/devkitPro/libnx/lib\libnx.a(decode_utf8.o)
                0x000000000000b160                decode_utf8
 .text.armDCacheFlush
                0x000000000000b28c       0x3c C:/devkitPro/libnx/lib\libnx.a(cache.o)
                0x000000000000b28c                armDCacheFlush
 .text.__libnx_exception_entry
                0x000000000000b2c8      0x1c0 C:/devkitPro/libnx/lib\libnx.a(exception.o)
                0x000000000000b2c8                __libnx_exception_entry
 .text.__libnx_exception_returnentry
                0x000000000000b488       0x18 C:/devkitPro/libnx/lib\libnx.a(exception.o)
                0x000000000000b488                __libnx_exception_returnentry
 .text.__aarch64_read_tp
                0x000000000000b4a0        0xc C:/devkitPro/libnx/lib\libnx.a(readtp.o)
                0x000000000000b4a0                __aarch64_read_tp
 *fill*         0x000000000000b4ac        0x4 
 .text.ipcCloseObjectById
                0x000000000000b4b0       0x34 C:/devkitPro/libnx/lib\libnx.a(nv.o)
 *fill*         0x000000000000b4e4        0xc 
 .text._nvSetClientPID
                0x000000000000b4f0       0xd8 C:/devkitPro/libnx/lib\libnx.a(nv.o)
 *fill*         0x000000000000b5c8        0x8 
 .text.ipcQueryPointerBufferSize.constprop.10
                0x000000000000b5d0       0xc8 C:/devkitPro/libnx/lib\libnx.a(nv.o)
 *fill*         0x000000000000b698        0x8 
 .text._nvInitialize.constprop.8
                0x000000000000b6a0       0xf0 C:/devkitPro/libnx/lib\libnx.a(nv.o)
 .text.ipcCloneSession.constprop.9
                0x000000000000b790      0x10c C:/devkitPro/libnx/lib\libnx.a(nv.o)
 *fill*         0x000000000000b89c        0x4 
 .text.nvExit   0x000000000000b8a0      0x100 C:/devkitPro/libnx/lib\libnx.a(nv.o)
                0x000000000000b8a0                nvExit
 .text.nvInitialize
                0x000000000000b9a0      0x184 C:/devkitPro/libnx/lib\libnx.a(nv.o)
                0x000000000000b9a0                nvInitialize
 *fill*         0x000000000000bb24        0xc 
 .text.nvConvertError
                0x000000000000bb30      0x12c C:/devkitPro/libnx/lib\libnx.a(nv.o)
                0x000000000000bb30                nvConvertError
 *fill*         0x000000000000bc5c        0x4 
 .text.nvOpen   0x000000000000bc60      0x12c C:/devkitPro/libnx/lib\libnx.a(nv.o)
                0x000000000000bc60                nvOpen
 *fill*         0x000000000000bd8c        0x4 
 .text.nvIoctl  0x000000000000bd90      0x270 C:/devkitPro/libnx/lib\libnx.a(nv.o)
                0x000000000000bd90                nvIoctl
 .text.nvClose  0x000000000000c000       0xdc C:/devkitPro/libnx/lib\libnx.a(nv.o)
                0x000000000000c000                nvClose
 *fill*         0x000000000000c0dc        0x4 
 .text.nvQueryEvent
                0x000000000000c0e0      0x15c C:/devkitPro/libnx/lib\libnx.a(nv.o)
                0x000000000000c0e0                nvQueryEvent
 *fill*         0x000000000000c23c        0x4 
 .text.ipcCloseObjectById
                0x000000000000c240       0x34 C:/devkitPro/libnx/lib\libnx.a(time.o)
 *fill*         0x000000000000c274        0xc 
 .text._timeGetSession
                0x000000000000c280      0x12c C:/devkitPro/libnx/lib\libnx.a(time.o)
 *fill*         0x000000000000c3ac        0x4 
 .text.timeExit
                0x000000000000c3b0      0x1ec C:/devkitPro/libnx/lib\libnx.a(time.o)
                0x000000000000c3b0                timeExit
 *fill*         0x000000000000c59c        0x4 
 .text.timeInitialize
                0x000000000000c5a0       0xd8 C:/devkitPro/libnx/lib\libnx.a(time.o)
                0x000000000000c5a0                timeInitialize
 *fill*         0x000000000000c678        0x8 
 .text.timeGetCurrentTime
                0x000000000000c680      0x124 C:/devkitPro/libnx/lib\libnx.a(time.o)
                0x000000000000c680                timeGetCurrentTime
 *fill*         0x000000000000c7a4        0xc 
 .text.timeToCalendarTimeWithMyRule
                0x000000000000c7b0      0x118 C:/devkitPro/libnx/lib\libnx.a(time.o)
                0x000000000000c7b0                timeToCalendarTimeWithMyRule
 *fill*         0x000000000000c8c8        0x8 
 .text.ipcCloseObjectById
                0x000000000000c8d0       0x34 C:/devkitPro/libnx/lib\libnx.a(vi.o)
 *fill*         0x000000000000c904        0xc 
 .text._viGetSession.constprop.7
                0x000000000000c910      0x134 C:/devkitPro/libnx/lib\libnx.a(vi.o)
 *fill*         0x000000000000ca44        0xc 
 .text.viExit   0x000000000000ca50      0x1e4 C:/devkitPro/libnx/lib\libnx.a(vi.o)
                0x000000000000ca50                viExit
 *fill*         0x000000000000cc34        0xc 
 .text.viInitialize
                0x000000000000cc40      0x300 C:/devkitPro/libnx/lib\libnx.a(vi.o)
                0x000000000000cc40                viInitialize
 .text.viGetSession_IHOSBinderDriverRelay
                0x000000000000cf40        0xc C:/devkitPro/libnx/lib\libnx.a(vi.o)
                0x000000000000cf40                viGetSession_IHOSBinderDriverRelay
 *fill*         0x000000000000cf4c        0x4 
 .text.viOpenDisplay
                0x000000000000cf50      0x140 C:/devkitPro/libnx/lib\libnx.a(vi.o)
                0x000000000000cf50                viOpenDisplay
 .text.viCloseDisplay
                0x000000000000d090      0x104 C:/devkitPro/libnx/lib\libnx.a(vi.o)
                0x000000000000d090                viCloseDisplay
 *fill*         0x000000000000d194        0xc 
 .text.viCloseLayer
                0x000000000000d1a0      0x104 C:/devkitPro/libnx/lib\libnx.a(vi.o)
                0x000000000000d1a0                viCloseLayer
 *fill*         0x000000000000d2a4        0xc 
 .text.viCreateLayer
                0x000000000000d2b0      0x370 C:/devkitPro/libnx/lib\libnx.a(vi.o)
                0x000000000000d2b0                viCreateLayer
 .text.viSetLayerScalingMode
                0x000000000000d620       0xe8 C:/devkitPro/libnx/lib\libnx.a(vi.o)
                0x000000000000d620                viSetLayerScalingMode
 *fill*         0x000000000000d708        0x8 
 .text.ipcCloseObjectById
                0x000000000000d710       0x34 C:/devkitPro/libnx/lib\libnx.a(set.o)
 *fill*         0x000000000000d744        0xc 
 .text._setsysGetFirmwareVersionImpl
                0x000000000000d750      0x1d4 C:/devkitPro/libnx/lib\libnx.a(set.o)
 *fill*         0x000000000000d924        0xc 
 .text.setsysInitialize
                0x000000000000d930       0x3c C:/devkitPro/libnx/lib\libnx.a(set.o)
                0x000000000000d930                setsysInitialize
 *fill*         0x000000000000d96c        0x4 
 .text.setsysExit
                0x000000000000d970       0x9c C:/devkitPro/libnx/lib\libnx.a(set.o)
                0x000000000000d970                setsysExit
 *fill*         0x000000000000da0c        0x4 
 .text.setsysGetFirmwareVersion
                0x000000000000da10       0x44 C:/devkitPro/libnx/lib\libnx.a(set.o)
                0x000000000000da10                setsysGetFirmwareVersion
 *fill*         0x000000000000da54        0xc 
 .text.ipcPrepareHeader
                0x000000000000da60      0x220 C:/devkitPro/libnx/lib\libnx.a(fs.o)
 .text.ipcParse
                0x000000000000dc80      0x22c C:/devkitPro/libnx/lib\libnx.a(fs.o)
 *fill*         0x000000000000deac        0x4 
 .text.serviceIpcParse
                0x000000000000deb0       0xb0 C:/devkitPro/libnx/lib\libnx.a(fs.o)
 .text.ipcCloseObjectById
                0x000000000000df60       0x34 C:/devkitPro/libnx/lib\libnx.a(fs.o)
 *fill*         0x000000000000df94        0xc 
 .text.fsInitialize
                0x000000000000dfa0      0x200 C:/devkitPro/libnx/lib\libnx.a(fs.o)
                0x000000000000dfa0                fsInitialize
 .text.fsExit   0x000000000000e1a0       0x9c C:/devkitPro/libnx/lib\libnx.a(fs.o)
                0x000000000000e1a0                fsExit
 *fill*         0x000000000000e23c        0x4 
 .text.fsMountSdcard
                0x000000000000e240      0x1ec C:/devkitPro/libnx/lib\libnx.a(fs.o)
                0x000000000000e240                fsMountSdcard
 *fill*         0x000000000000e42c        0x4 
 .text.fsFsCreateFile
                0x000000000000e430      0x1a4 C:/devkitPro/libnx/lib\libnx.a(fs.o)
                0x000000000000e430                fsFsCreateFile
 *fill*         0x000000000000e5d4        0xc 
 .text.fsFsDeleteFile
                0x000000000000e5e0      0x19c C:/devkitPro/libnx/lib\libnx.a(fs.o)
                0x000000000000e5e0                fsFsDeleteFile
 *fill*         0x000000000000e77c        0x4 
 .text.fsFsCreateDirectory
                0x000000000000e780      0x19c C:/devkitPro/libnx/lib\libnx.a(fs.o)
                0x000000000000e780                fsFsCreateDirectory
 *fill*         0x000000000000e91c        0x4 
 .text.fsFsDeleteDirectory
                0x000000000000e920      0x19c C:/devkitPro/libnx/lib\libnx.a(fs.o)
                0x000000000000e920                fsFsDeleteDirectory
 *fill*         0x000000000000eabc        0x4 
 .text.fsFsRenameFile
                0x000000000000eac0      0x214 C:/devkitPro/libnx/lib\libnx.a(fs.o)
                0x000000000000eac0                fsFsRenameFile
 *fill*         0x000000000000ecd4        0xc 
 .text.fsFsRenameDirectory
                0x000000000000ece0      0x214 C:/devkitPro/libnx/lib\libnx.a(fs.o)
                0x000000000000ece0                fsFsRenameDirectory
 *fill*         0x000000000000eef4        0xc 
 .text.fsFsGetEntryType
                0x000000000000ef00      0x1b0 C:/devkitPro/libnx/lib\libnx.a(fs.o)
                0x000000000000ef00                fsFsGetEntryType
 .text.fsFsOpenFile
                0x000000000000f0b0      0x1e4 C:/devkitPro/libnx/lib\libnx.a(fs.o)
                0x000000000000f0b0                fsFsOpenFile
 *fill*         0x000000000000f294        0xc 
 .text.fsFsOpenDirectory
                0x000000000000f2a0      0x1f8 C:/devkitPro/libnx/lib\libnx.a(fs.o)
                0x000000000000f2a0                fsFsOpenDirectory
 *fill*         0x000000000000f498        0x8 
 .text.fsFsGetFreeSpace
                0x000000000000f4a0      0x1b0 C:/devkitPro/libnx/lib\libnx.a(fs.o)
                0x000000000000f4a0                fsFsGetFreeSpace
 .text.fsFsGetTotalSpace
                0x000000000000f650      0x1b0 C:/devkitPro/libnx/lib\libnx.a(fs.o)
                0x000000000000f650                fsFsGetTotalSpace
 .text.fsFsGetFileTimeStampRaw
                0x000000000000f800      0x194 C:/devkitPro/libnx/lib\libnx.a(fs.o)
                0x000000000000f800                fsFsGetFileTimeStampRaw
 *fill*         0x000000000000f994        0xc 
 .text.fsFsClose
                0x000000000000f9a0       0x6c C:/devkitPro/libnx/lib\libnx.a(fs.o)
                0x000000000000f9a0                fsFsClose
 *fill*         0x000000000000fa0c        0x4 
 .text.fsFileRead
                0x000000000000fa10      0x1fc C:/devkitPro/libnx/lib\libnx.a(fs.o)
                0x000000000000fa10                fsFileRead
 *fill*         0x000000000000fc0c        0x4 
 .text.fsFileWrite
                0x000000000000fc10      0x1c8 C:/devkitPro/libnx/lib\libnx.a(fs.o)
                0x000000000000fc10                fsFileWrite
 *fill*         0x000000000000fdd8        0x8 
 .text.fsFileFlush
                0x000000000000fde0      0x17c C:/devkitPro/libnx/lib\libnx.a(fs.o)
                0x000000000000fde0                fsFileFlush
 *fill*         0x000000000000ff5c        0x4 
 .text.fsFileSetSize
                0x000000000000ff60      0x18c C:/devkitPro/libnx/lib\libnx.a(fs.o)
                0x000000000000ff60                fsFileSetSize
 *fill*         0x00000000000100ec        0x4 
 .text.fsFileGetSize
                0x00000000000100f0      0x1c0 C:/devkitPro/libnx/lib\libnx.a(fs.o)
                0x00000000000100f0                fsFileGetSize
 .text.fsFileClose
                0x00000000000102b0       0x6c C:/devkitPro/libnx/lib\libnx.a(fs.o)
                0x00000000000102b0                fsFileClose
 *fill*         0x000000000001031c        0x4 
 .text.fsDirClose
                0x0000000000010320       0x6c C:/devkitPro/libnx/lib\libnx.a(fs.o)
                0x0000000000010320                fsDirClose
 *fill*         0x000000000001038c        0x4 
 .text.fsDirRead
                0x0000000000010390      0x1ec C:/devkitPro/libnx/lib\libnx.a(fs.o)
                0x0000000000010390                fsDirRead
 *fill*         0x000000000001057c        0x4 
 .text._nvFenceEventWaitCommon
                0x0000000000010580       0x60 C:/devkitPro/libnx/lib\libnx.a(fence.o)
 .text.nvFenceInit
                0x00000000000105e0       0x5c C:/devkitPro/libnx/lib\libnx.a(fence.o)
                0x00000000000105e0                nvFenceInit
 *fill*         0x000000000001063c        0x4 
 .text.nvFenceExit
                0x0000000000010640       0x98 C:/devkitPro/libnx/lib\libnx.a(fence.o)
                0x0000000000010640                nvFenceExit
 *fill*         0x00000000000106d8        0x8 
 .text.nvFenceWait
                0x00000000000106e0      0x1e4 C:/devkitPro/libnx/lib\libnx.a(fence.o)
                0x00000000000106e0                nvFenceWait
 *fill*         0x00000000000108c4        0xc 
 .text.nvMultiFenceWait
                0x00000000000108d0       0x7c C:/devkitPro/libnx/lib\libnx.a(fence.o)
                0x00000000000108d0                nvMultiFenceWait
 *fill*         0x000000000001094c        0x4 
 .text.nvMapInit
                0x0000000000010950       0x6c C:/devkitPro/libnx/lib\libnx.a(map.o)
                0x0000000000010950                nvMapInit
 *fill*         0x00000000000109bc        0x4 
 .text.nvMapExit
                0x00000000000109c0       0x68 C:/devkitPro/libnx/lib\libnx.a(map.o)
                0x00000000000109c0                nvMapExit
 *fill*         0x0000000000010a28        0x8 
 .text.nvMapClose
                0x0000000000010a30       0x84 C:/devkitPro/libnx/lib\libnx.a(map.o)
                0x0000000000010a30                nvMapClose
 *fill*         0x0000000000010ab4        0xc 
 .text.nvMapCreate
                0x0000000000010ac0      0x150 C:/devkitPro/libnx/lib\libnx.a(map.o)
                0x0000000000010ac0                nvMapCreate
 .text.nvioctlNvhostCtrl_EventSignal
                0x0000000000010c10       0x24 C:/devkitPro/libnx/lib\libnx.a(nvhost-ctrl.o)
                0x0000000000010c10                nvioctlNvhostCtrl_EventSignal
 *fill*         0x0000000000010c34        0xc 
 .text.nvioctlNvhostCtrl_EventWait
                0x0000000000010c40       0x3c C:/devkitPro/libnx/lib\libnx.a(nvhost-ctrl.o)
                0x0000000000010c40                nvioctlNvhostCtrl_EventWait
 *fill*         0x0000000000010c7c        0x4 
 .text.nvioctlNvhostCtrl_EventWaitAsync
                0x0000000000010c80       0x28 C:/devkitPro/libnx/lib\libnx.a(nvhost-ctrl.o)
                0x0000000000010c80                nvioctlNvhostCtrl_EventWaitAsync
 *fill*         0x0000000000010ca8        0x8 
 .text.nvioctlNvhostCtrl_EventRegister
                0x0000000000010cb0       0x24 C:/devkitPro/libnx/lib\libnx.a(nvhost-ctrl.o)
                0x0000000000010cb0                nvioctlNvhostCtrl_EventRegister
 *fill*         0x0000000000010cd4        0xc 
 .text.nvioctlNvhostCtrl_EventUnregister
                0x0000000000010ce0       0x24 C:/devkitPro/libnx/lib\libnx.a(nvhost-ctrl.o)
                0x0000000000010ce0                nvioctlNvhostCtrl_EventUnregister
 *fill*         0x0000000000010d04        0xc 
 .text.nvioctlNvmap_Create
                0x0000000000010d10       0x3c C:/devkitPro/libnx/lib\libnx.a(nvmap.o)
                0x0000000000010d10                nvioctlNvmap_Create
 *fill*         0x0000000000010d4c        0x4 
 .text.nvioctlNvmap_Alloc
                0x0000000000010d50       0x30 C:/devkitPro/libnx/lib\libnx.a(nvmap.o)
                0x0000000000010d50                nvioctlNvmap_Alloc
 .text.nvioctlNvmap_Free
                0x0000000000010d80       0x30 C:/devkitPro/libnx/lib\libnx.a(nvmap.o)
                0x0000000000010d80                nvioctlNvmap_Free
 .text.nvioctlNvmap_GetId
                0x0000000000010db0       0x3c C:/devkitPro/libnx/lib\libnx.a(nvmap.o)
                0x0000000000010db0                nvioctlNvmap_GetId
 *fill*         0x0000000000010dec        0x4 
 .text.bqRequestBuffer
                0x0000000000010df0       0xe8 C:/devkitPro/libnx/lib\libnx.a(buffer_producer.o)
                0x0000000000010df0                bqRequestBuffer
 *fill*         0x0000000000010ed8        0x8 
 .text.bqDequeueBuffer
                0x0000000000010ee0      0x154 C:/devkitPro/libnx/lib\libnx.a(buffer_producer.o)
                0x0000000000010ee0                bqDequeueBuffer
 *fill*         0x0000000000011034        0xc 
 .text.bqDetachBuffer
                0x0000000000011040       0x9c C:/devkitPro/libnx/lib\libnx.a(buffer_producer.o)
                0x0000000000011040                bqDetachBuffer
 *fill*         0x00000000000110dc        0x4 
 .text.bqQueueBuffer
                0x00000000000110e0       0xe0 C:/devkitPro/libnx/lib\libnx.a(buffer_producer.o)
                0x00000000000110e0                bqQueueBuffer
 .text.bqCancelBuffer
                0x00000000000111c0       0x90 C:/devkitPro/libnx/lib\libnx.a(buffer_producer.o)
                0x00000000000111c0                bqCancelBuffer
 .text.bqConnect
                0x0000000000011250       0xe4 C:/devkitPro/libnx/lib\libnx.a(buffer_producer.o)
                0x0000000000011250                bqConnect
 *fill*         0x0000000000011334        0xc 
 .text.bqDisconnect
                0x0000000000011340       0x9c C:/devkitPro/libnx/lib\libnx.a(buffer_producer.o)
                0x0000000000011340                bqDisconnect
 *fill*         0x00000000000113dc        0x4 
 .text.bqSetPreallocatedBuffer
                0x00000000000113e0      0x178 C:/devkitPro/libnx/lib\libnx.a(buffer_producer.o)
                0x00000000000113e0                bqSetPreallocatedBuffer
 *fill*         0x0000000000011558        0x8 
 .text.ipcQueryPointerBufferSize
                0x0000000000011560       0xc8 C:/devkitPro/libnx/lib\libnx.a(binder.o)
 *fill*         0x0000000000011628        0x8 
 .text._binderTransactParcel
                0x0000000000011630      0x234 C:/devkitPro/libnx/lib\libnx.a(binder.o)
 *fill*         0x0000000000011864        0xc 
 .text._binderTransactParcelAuto
                0x0000000000011870      0x378 C:/devkitPro/libnx/lib\libnx.a(binder.o)
 *fill*         0x0000000000011be8        0x8 
 .text.binderCreate
                0x0000000000011bf0       0x18 C:/devkitPro/libnx/lib\libnx.a(binder.o)
                0x0000000000011bf0                binderCreate
 *fill*         0x0000000000011c08        0x8 
 .text.binderTransactParcel
                0x0000000000011c10       0x10 C:/devkitPro/libnx/lib\libnx.a(binder.o)
                0x0000000000011c10                binderTransactParcel
 .text.binderConvertErrorCode
                0x0000000000011c20      0x124 C:/devkitPro/libnx/lib\libnx.a(binder.o)
                0x0000000000011c20                binderConvertErrorCode
 *fill*         0x0000000000011d44        0xc 
 .text.binderAdjustRefcount
                0x0000000000011d50      0x1b4 C:/devkitPro/libnx/lib\libnx.a(binder.o)
                0x0000000000011d50                binderAdjustRefcount
 *fill*         0x0000000000011f04        0xc 
 .text.binderClose
                0x0000000000011f10       0x74 C:/devkitPro/libnx/lib\libnx.a(binder.o)
                0x0000000000011f10                binderClose
 *fill*         0x0000000000011f84        0xc 
 .text.binderInitSession
                0x0000000000011f90       0xcc C:/devkitPro/libnx/lib\libnx.a(binder.o)
                0x0000000000011f90                binderInitSession
 *fill*         0x000000000001205c        0x4 
 .text.binderGetNativeHandle
                0x0000000000012060      0x24c C:/devkitPro/libnx/lib\libnx.a(binder.o)
                0x0000000000012060                binderGetNativeHandle
 *fill*         0x00000000000122ac        0x4 
 .text.parcelCreate
                0x00000000000122b0       0x28 C:/devkitPro/libnx/lib\libnx.a(parcel.o)
                0x00000000000122b0                parcelCreate
 *fill*         0x00000000000122d8        0x8 
 .text.parcelTransact
                0x00000000000122e0      0x19c C:/devkitPro/libnx/lib\libnx.a(parcel.o)
                0x00000000000122e0                parcelTransact
 *fill*         0x000000000001247c        0x4 
 .text.parcelWriteData
                0x0000000000012480       0x88 C:/devkitPro/libnx/lib\libnx.a(parcel.o)
                0x0000000000012480                parcelWriteData
 *fill*         0x0000000000012508        0x8 
 .text.parcelReadData
                0x0000000000012510       0x98 C:/devkitPro/libnx/lib\libnx.a(parcel.o)
                0x0000000000012510                parcelReadData
 *fill*         0x00000000000125a8        0x8 
 .text.parcelWriteInt32
                0x00000000000125b0       0x20 C:/devkitPro/libnx/lib\libnx.a(parcel.o)
                0x00000000000125b0                parcelWriteInt32
 .text.parcelWriteUInt32
                0x00000000000125d0       0x20 C:/devkitPro/libnx/lib\libnx.a(parcel.o)
                0x00000000000125d0                parcelWriteUInt32
 .text.parcelWriteString16
                0x00000000000125f0       0x80 C:/devkitPro/libnx/lib\libnx.a(parcel.o)
                0x00000000000125f0                parcelWriteString16
 .text.parcelWriteInterfaceToken
                0x0000000000012670       0x30 C:/devkitPro/libnx/lib\libnx.a(parcel.o)
                0x0000000000012670                parcelWriteInterfaceToken
 .text.parcelReadInt32
                0x00000000000126a0       0x24 C:/devkitPro/libnx/lib\libnx.a(parcel.o)
                0x00000000000126a0                parcelReadInt32
 *fill*         0x00000000000126c4        0xc 
 .text.parcelReadFlattenedObject
                0x00000000000126d0       0x68 C:/devkitPro/libnx/lib\libnx.a(parcel.o)
                0x00000000000126d0                parcelReadFlattenedObject
 *fill*         0x0000000000012738        0x8 
 .text.parcelWriteFlattenedObject
                0x0000000000012740       0x44 C:/devkitPro/libnx/lib\libnx.a(parcel.o)
                0x0000000000012740                parcelWriteFlattenedObject
 *fill*         0x0000000000012784        0xc 
 .text.nxlinkSetup
                0x0000000000012790       0xc4 C:/devkitPro/libnx/lib\libnx.a(nxlink.o)
                0x0000000000012790                nxlinkSetup
 *fill*         0x0000000000012854        0x4 
 .text.aligned_alloc
                0x0000000000012858       0x38 c:/devkitpro/devkita64/bin/../lib/gcc/aarch64-none-elf/8.3.0/../../../../aarch64-none-elf/lib/pic\libg.a(lib_a-aligned_alloc.o)
                0x0000000000012858                aligned_alloc
 .text.bsearch  0x0000000000012890       0xb8 c:/devkitpro/devkita64/bin/../lib/gcc/aarch64-none-elf/8.3.0/../../../../aarch64-none-elf/lib/pic\libg.a(lib_a-bsearch.o)
                0x0000000000012890                bsearch
 .text.calloc   0x0000000000012948       0x30 c:/devkitpro/devkita64/bin/../lib/gcc/aarch64-none-elf/8.3.0/../../../../aarch64-none-elf/lib/pic\libg.a(lib_a-calloc.o)
                0x0000000000012948                calloc
 .text._calloc_r
                0x0000000000012978       0x94 c:/devkitpro/devkita64/bin/../lib/gcc/aarch64-none-elf/8.3.0/../../../../aarch64-none-elf/lib/pic\libg.a(lib_a-callocr.o)
                0x0000000000012978                _calloc_r
 *fill*         0x0000000000012a0c        0x4 
 .text.__errno  0x0000000000012a10       0x14 c:/devkitpro/devkita64/bin/../lib/gcc/aarch64-none-elf/8.3.0/../../../../aarch64-none-elf/lib/pic\libg.a(lib_a-errno.o)
                0x0000000000012a10                __errno
 *fill*         0x0000000000012a24        0x4 
 .text._fclose_r
                0x0000000000012a28      0x15c c:/devkitpro/devkita64/bin/../lib/gcc/aarch64-none-elf/8.3.0/../../../../aarch64-none-elf/lib/pic\libg.a(lib_a-fclose.o)
                0x0000000000012a28                _fclose_r
 *fill*         0x0000000000012b84        0x4 
 .text.fclose   0x0000000000012b88       0x1c c:/devkitpro/devkita64/bin/../lib/gcc/aarch64-none-elf/8.3.0/../../../../aarch64-none-elf/lib/pic\libg.a(lib_a-fclose.o)
                0x0000000000012b88                fclose
 *fill*         0x0000000000012ba4        0x4 
 .text.__sflush_r
                0x0000000000012ba8      0x214 c:/devkitpro/devkita64/bin/../lib/gcc/aarch64-none-elf/8.3.0/../../../../aarch64-none-elf/lib/pic\libg.a(lib_a-fflush.o)
                0x0000000000012ba8                __sflush_r
 *fill*         0x0000000000012dbc        0x4 
 .text._fflush_r
                0x0000000000012dc0       0xb8 c:/devkitpro/devkita64/bin/../lib/gcc/aarch64-none-elf/8.3.0/../../../../aarch64-none-elf/lib/pic\libg.a(lib_a-fflush.o)
                0x0000000000012dc0                _fflush_r
 .text.fflush   0x0000000000012e78       0x40 c:/devkitpro/devkita64/bin/../lib/gcc/aarch64-none-elf/8.3.0/../../../../aarch64-none-elf/lib/pic\libg.a(lib_a-fflush.o)
                0x0000000000012e78                fflush
 .text.std      0x0000000000012eb8       0x78 c:/devkitpro/devkita64/bin/../lib/gcc/aarch64-none-elf/8.3.0/../../../../aarch64-none-elf/lib/pic\libg.a(lib_a-findfp.o)
 .text._cleanup_r
                0x0000000000012f30        0xc c:/devkitpro/devkita64/bin/../lib/gcc/aarch64-none-elf/8.3.0/../../../../aarch64-none-elf/lib/pic\libg.a(lib_a-findfp.o)
                0x0000000000012f30                _cleanup_r
 *fill*         0x0000000000012f3c        0x4 
 .text.__sfmoreglue
                0x0000000000012f40       0x60 c:/devkitpro/devkita64/bin/../lib/gcc/aarch64-none-elf/8.3.0/../../../../aarch64-none-elf/lib/pic\libg.a(lib_a-findfp.o)
                0x0000000000012f40                __sfmoreglue
 .text.__sfp_lock_acquire
                0x0000000000012fa0        0xc c:/devkitpro/devkita64/bin/../lib/gcc/aarch64-none-elf/8.3.0/../../../../aarch64-none-elf/lib/pic\libg.a(lib_a-findfp.o)
                0x0000000000012fa0                __sfp_lock_acquire
 *fill*         0x0000000000012fac        0x4 
 .text.__sfp_lock_release
                0x0000000000012fb0        0xc c:/devkitpro/devkita64/bin/../lib/gcc/aarch64-none-elf/8.3.0/../../../../aarch64-none-elf/lib/pic\libg.a(lib_a-findfp.o)
                0x0000000000012fb0                __sfp_lock_release
 *fill*         0x0000000000012fbc        0x4 
 .text.__sinit_lock_acquire
                0x0000000000012fc0        0xc c:/devkitpro/devkita64/bin/../lib/gcc/aarch64-none-elf/8.3.0/../../../../aarch64-none-elf/lib/pic\libg.a(lib_a-findfp.o)
                0x0000000000012fc0                __sinit_lock_acquire
 *fill*         0x0000000000012fcc        0x4 
 .text.__sinit_lock_release
                0x0000000000012fd0        0xc c:/devkitpro/devkita64/bin/../lib/gcc/aarch64-none-elf/8.3.0/../../../../aarch64-none-elf/lib/pic\libg.a(lib_a-findfp.o)
                0x0000000000012fd0                __sinit_lock_release
 *fill*         0x0000000000012fdc        0x4 
 .text.__sinit  0x0000000000012fe0       0x80 c:/devkitpro/devkita64/bin/../lib/gcc/aarch64-none-elf/8.3.0/../../../../aarch64-none-elf/lib/pic\libg.a(lib_a-findfp.o)
                0x0000000000012fe0                __sinit
 .text.__sfp    0x0000000000013060      0x118 c:/devkitpro/devkita64/bin/../lib/gcc/aarch64-none-elf/8.3.0/../../../../aarch64-none-elf/lib/pic\libg.a(lib_a-findfp.o)
                0x0000000000013060                __sfp
 .text.__libc_fini_array
                0x0000000000013178       0x44 c:/devkitpro/devkita64/bin/../lib/gcc/aarch64-none-elf/8.3.0/../../../../aarch64-none-elf/lib/pic\libg.a(lib_a-fini.o)
                0x0000000000013178                __libc_fini_array
 *fill*         0x00000000000131bc        0x4 
 .text._fopen_r
                0x00000000000131c0      0x130 c:/devkitpro/devkita64/bin/../lib/gcc/aarch64-none-elf/8.3.0/../../../../aarch64-none-elf/lib/pic\libg.a(lib_a-fopen.o)
                0x00000000000131c0                _fopen_r
 .text.fopen    0x00000000000132f0       0x30 c:/devkitpro/devkita64/bin/../lib/gcc/aarch64-none-elf/8.3.0/../../../../aarch64-none-elf/lib/pic\libg.a(lib_a-fopen.o)
                0x00000000000132f0                fopen
 .text._fread_r
                0x0000000000013320      0x328 c:/devkitpro/devkita64/bin/../lib/gcc/aarch64-none-elf/8.3.0/../../../../aarch64-none-elf/lib/pic\libg.a(lib_a-fread.o)
                0x0000000000013320                _fread_r
 .text.fread    0x0000000000013648       0x40 c:/devkitpro/devkita64/bin/../lib/gcc/aarch64-none-elf/8.3.0/../../../../aarch64-none-elf/lib/pic\libg.a(lib_a-fread.o)
                0x0000000000013648                fread
 .text._malloc_trim_r
                0x0000000000013688      0x118 c:/devkitpro/devkita64/bin/../lib/gcc/aarch64-none-elf/8.3.0/../../../../aarch64-none-elf/lib/pic\libg.a(lib_a-freer.o)
                0x0000000000013688                _malloc_trim_r
 .text._free_r  0x00000000000137a0      0x2f4 c:/devkitpro/devkita64/bin/../lib/gcc/aarch64-none-elf/8.3.0/../../../../aarch64-none-elf/lib/pic\libg.a(lib_a-freer.o)
                0x00000000000137a0                _free_r
 *fill*         0x0000000000013a94        0x4 
 .text._fseek_r
                0x0000000000013a98        0x4 c:/devkitpro/devkita64/bin/../lib/gcc/aarch64-none-elf/8.3.0/../../../../aarch64-none-elf/lib/pic\libg.a(lib_a-fseek.o)
                0x0000000000013a98                _fseek_r
 *fill*         0x0000000000013a9c        0x4 
 .text._fseeko_r
                0x0000000000013aa0      0x4c4 c:/devkitpro/devkita64/bin/../lib/gcc/aarch64-none-elf/8.3.0/../../../../aarch64-none-elf/lib/pic\libg.a(lib_a-fseeko.o)
                0x0000000000013aa0                _fseeko_r
 *fill*         0x0000000000013f64        0x4 
 .text._fwalk   0x0000000000013f68       0xb8 c:/devkitpro/devkita64/bin/../lib/gcc/aarch64-none-elf/8.3.0/../../../../aarch64-none-elf/lib/pic\libg.a(lib_a-fwalk.o)
                0x0000000000013f68                _fwalk
 .text._fwalk_reent
                0x0000000000014020       0xbc c:/devkitpro/devkita64/bin/../lib/gcc/aarch64-none-elf/8.3.0/../../../../aarch64-none-elf/lib/pic\libg.a(lib_a-fwalk.o)
                0x0000000000014020                _fwalk_reent
 *fill*         0x00000000000140dc        0x4 
 .text.__libc_init_array
                0x00000000000140e0       0x8c c:/devkitpro/devkita64/bin/../lib/gcc/aarch64-none-elf/8.3.0/../../../../aarch64-none-elf/lib/pic\libg.a(lib_a-init.o)
                0x00000000000140e0                __libc_init_array
 *fill*         0x000000000001416c        0x4 
 .text.__swhatbuf_r
                0x0000000000014170       0xa4 c:/devkitpro/devkita64/bin/../lib/gcc/aarch64-none-elf/8.3.0/../../../../aarch64-none-elf/lib/pic\libg.a(lib_a-makebuf.o)
                0x0000000000014170                __swhatbuf_r
 *fill*         0x0000000000014214        0x4 
 .text.__smakebuf_r
                0x0000000000014218      0x10c c:/devkitpro/devkita64/bin/../lib/gcc/aarch64-none-elf/8.3.0/../../../../aarch64-none-elf/lib/pic\libg.a(lib_a-makebuf.o)
                0x0000000000014218                __smakebuf_r
 *fill*         0x0000000000014324        0x4 
 .text.memalign
                0x0000000000014328       0x30 c:/devkitpro/devkita64/bin/../lib/gcc/aarch64-none-elf/8.3.0/../../../../aarch64-none-elf/lib/pic\libg.a(lib_a-malign.o)
                0x0000000000014328                memalign
 .text._memalign_r
                0x0000000000014358      0x198 c:/devkitpro/devkita64/bin/../lib/gcc/aarch64-none-elf/8.3.0/../../../../aarch64-none-elf/lib/pic\libg.a(lib_a-malignr.o)
                0x0000000000014358                _memalign_r
 .text.malloc   0x00000000000144f0       0x1c c:/devkitpro/devkita64/bin/../lib/gcc/aarch64-none-elf/8.3.0/../../../../aarch64-none-elf/lib/pic\libg.a(lib_a-malloc.o)
                0x00000000000144f0                malloc
 *fill*         0x000000000001450c        0x4 
 .text.free     0x0000000000014510       0x1c c:/devkitpro/devkita64/bin/../lib/gcc/aarch64-none-elf/8.3.0/../../../../aarch64-none-elf/lib/pic\libg.a(lib_a-malloc.o)
                0x0000000000014510                free
 *fill*         0x000000000001452c        0x4 
 .text._malloc_r
                0x0000000000014530      0x87c c:/devkitpro/devkita64/bin/../lib/gcc/aarch64-none-elf/8.3.0/../../../../aarch64-none-elf/lib/pic\libg.a(lib_a-mallocr.o)
                0x0000000000014530                _malloc_r
 .text          0x0000000000014dac       0xd8 c:/devkitpro/devkita64/bin/../lib/gcc/aarch64-none-elf/8.3.0/../../../../aarch64-none-elf/lib/pic\libg.a(lib_a-memchr.o)
                0x0000000000014dac                memchr
 *fill*         0x0000000000014e84       0x3c 
 .text          0x0000000000014ec0      0x16c c:/devkitpro/devkita64/bin/../lib/gcc/aarch64-none-elf/8.3.0/../../../../aarch64-none-elf/lib/pic\libg.a(lib_a-memcpy.o)
                0x0000000000014ec0                memcpy
 *fill*         0x000000000001502c       0x14 
 .text          0x0000000000015040      0x1dc c:/devkitpro/devkita64/bin/../lib/gcc/aarch64-none-elf/8.3.0/../../../../aarch64-none-elf/lib/pic\libg.a(lib_a-memset.o)
                0x0000000000015040                memset
 *fill*         0x000000000001521c        0x4 
 .text.__malloc_lock
                0x0000000000015220        0xc c:/devkitpro/devkita64/bin/../lib/gcc/aarch64-none-elf/8.3.0/../../../../aarch64-none-elf/lib/pic\libg.a(lib_a-mlock.o)
                0x0000000000015220                __malloc_lock
 *fill*         0x000000000001522c        0x4 
 .text.__malloc_unlock
                0x0000000000015230        0xc c:/devkitpro/devkita64/bin/../lib/gcc/aarch64-none-elf/8.3.0/../../../../aarch64-none-elf/lib/pic\libg.a(lib_a-mlock.o)
                0x0000000000015230                __malloc_unlock
 *fill*         0x000000000001523c        0x4 
 .text.printf   0x0000000000015240       0x8c c:/devkitpro/devkita64/bin/../lib/gcc/aarch64-none-elf/8.3.0/../../../../aarch64-none-elf/lib/pic\libg.a(lib_a-printf.o)
                0x0000000000015240                printf
 *fill*         0x00000000000152cc        0x4 
 .text._puts_r  0x00000000000152d0       0xd4 c:/devkitpro/devkita64/bin/../lib/gcc/aarch64-none-elf/8.3.0/../../../../aarch64-none-elf/lib/pic\libg.a(lib_a-puts.o)
                0x00000000000152d0                _puts_r
 *fill*         0x00000000000153a4        0x4 
 .text.puts     0x00000000000153a8       0x1c c:/devkitpro/devkita64/bin/../lib/gcc/aarch64-none-elf/8.3.0/../../../../aarch64-none-elf/lib/pic\libg.a(lib_a-puts.o)
                0x00000000000153a8                puts
 *fill*         0x00000000000153c4        0x4 
 .text.lflush   0x00000000000153c8       0x20 c:/devkitpro/devkita64/bin/../lib/gcc/aarch64-none-elf/8.3.0/../../../../aarch64-none-elf/lib/pic\libg.a(lib_a-refill.o)
 .text.__srefill_r
                0x00000000000153e8      0x1d0 c:/devkitpro/devkita64/bin/../lib/gcc/aarch64-none-elf/8.3.0/../../../../aarch64-none-elf/lib/pic\libg.a(lib_a-refill.o)
                0x00000000000153e8                __srefill_r
 .text.setenv   0x00000000000155b8       0x3c c:/devkitpro/devkita64/bin/../lib/gcc/aarch64-none-elf/8.3.0/../../../../aarch64-none-elf/lib/pic\libg.a(lib_a-setenv.o)
                0x00000000000155b8                setenv
 *fill*         0x00000000000155f4        0x4 
 .text._setenv_r
                0x00000000000155f8      0x264 c:/devkitpro/devkita64/bin/../lib/gcc/aarch64-none-elf/8.3.0/../../../../aarch64-none-elf/lib/pic\libg.a(lib_a-setenv_r.o)
                0x00000000000155f8                _setenv_r
 *fill*         0x000000000001585c        0x4 
 .text.setvbuf  0x0000000000015860      0x25c c:/devkitpro/devkita64/bin/../lib/gcc/aarch64-none-elf/8.3.0/../../../../aarch64-none-elf/lib/pic\libg.a(lib_a-setvbuf.o)
                0x0000000000015860                setvbuf
 *fill*         0x0000000000015abc        0x4 
 .text.sscanf   0x0000000000015ac0       0xbc c:/devkitpro/devkita64/bin/../lib/gcc/aarch64-none-elf/8.3.0/../../../../aarch64-none-elf/lib/pic\libg.a(lib_a-sscanf.o)
                0x0000000000015ac0                sscanf
 *fill*         0x0000000000015b7c        0x4 
 .text.__sread  0x0000000000015b80       0x50 c:/devkitpro/devkita64/bin/../lib/gcc/aarch64-none-elf/8.3.0/../../../../aarch64-none-elf/lib/pic\libg.a(lib_a-stdio.o)
                0x0000000000015b80                __sread
 .text.__seofread
                0x0000000000015bd0        0x8 c:/devkitpro/devkita64/bin/../lib/gcc/aarch64-none-elf/8.3.0/../../../../aarch64-none-elf/lib/pic\libg.a(lib_a-stdio.o)
                0x0000000000015bd0                __seofread
 .text.__swrite
                0x0000000000015bd8       0x6c c:/devkitpro/devkita64/bin/../lib/gcc/aarch64-none-elf/8.3.0/../../../../aarch64-none-elf/lib/pic\libg.a(lib_a-stdio.o)
                0x0000000000015bd8                __swrite
 *fill*         0x0000000000015c44        0x4 
 .text.__sseek  0x0000000000015c48       0x50 c:/devkitpro/devkita64/bin/../lib/gcc/aarch64-none-elf/8.3.0/../../../../aarch64-none-elf/lib/pic\libg.a(lib_a-stdio.o)
                0x0000000000015c48                __sseek
 .text.__sclose
                0x0000000000015c98        0x8 c:/devkitpro/devkita64/bin/../lib/gcc/aarch64-none-elf/8.3.0/../../../../aarch64-none-elf/lib/pic\libg.a(lib_a-stdio.o)
                0x0000000000015c98                __sclose
 .text          0x0000000000015ca0       0xdc c:/devkitpro/devkita64/bin/../lib/gcc/aarch64-none-elf/8.3.0/../../../../aarch64-none-elf/lib/pic\libg.a(lib_a-strchr.o)
                0x0000000000015ca0                strchr
 *fill*         0x0000000000015d7c        0x4 
 .text          0x0000000000015d80      0x140 c:/devkitpro/devkita64/bin/../lib/gcc/aarch64-none-elf/8.3.0/../../../../aarch64-none-elf/lib/pic\libg.a(lib_a-strlen.o)
                0x0000000000015d80                strlen
 .text.strncat  0x0000000000015ec0       0x84 c:/devkitpro/devkita64/bin/../lib/gcc/aarch64-none-elf/8.3.0/../../../../aarch64-none-elf/lib/pic\libg.a(lib_a-strncat.o)
                0x0000000000015ec0                strncat
 *fill*         0x0000000000015f44       0x3c 
 .text          0x0000000000015f80      0x1d4 c:/devkitpro/devkita64/bin/../lib/gcc/aarch64-none-elf/8.3.0/../../../../aarch64-none-elf/lib/pic\libg.a(lib_a-strncmp.o)
                0x0000000000015f9c                strncmp
 *fill*         0x0000000000016154        0x4 
 .text.strncpy  0x0000000000016158       0xa8 c:/devkitpro/devkita64/bin/../lib/gcc/aarch64-none-elf/8.3.0/../../../../aarch64-none-elf/lib/pic\libg.a(lib_a-strncpy.o)
                0x0000000000016158                strncpy
 .text          0x0000000000016200       0xe0 c:/devkitpro/devkita64/bin/../lib/gcc/aarch64-none-elf/8.3.0/../../../../aarch64-none-elf/lib/pic\libg.a(lib_a-strnlen.o)
                0x0000000000016224                strnlen
 .text._strtoul_l.isra.0
                0x00000000000162e0      0x1ac c:/devkitpro/devkita64/bin/../lib/gcc/aarch64-none-elf/8.3.0/../../../../aarch64-none-elf/lib/pic\libg.a(lib_a-strtoul.o)
 *fill*         0x000000000001648c        0x4 
 .text._strtoul_r
                0x0000000000016490       0x34 c:/devkitpro/devkita64/bin/../lib/gcc/aarch64-none-elf/8.3.0/../../../../aarch64-none-elf/lib/pic\libg.a(lib_a-strtoul.o)
                0x0000000000016490                _strtoul_r
 *fill*         0x00000000000164c4        0x4 
 .text.strtoul  0x00000000000164c8       0x48 c:/devkitpro/devkita64/bin/../lib/gcc/aarch64-none-elf/8.3.0/../../../../aarch64-none-elf/lib/pic\libg.a(lib_a-strtoul.o)
                0x00000000000164c8                strtoul
 .text.get_arg  0x0000000000016510       0x5c c:/devkitpro/devkita64/bin/../lib/gcc/aarch64-none-elf/8.3.0/../../../../aarch64-none-elf/lib/pic\libg.a(lib_a-svfscanf.o)
 .text.__ssvfscanf_r
                0x000000000001656c     0x2fd8 c:/devkitpro/devkita64/bin/../lib/gcc/aarch64-none-elf/8.3.0/../../../../aarch64-none-elf/lib/pic\libg.a(lib_a-svfscanf.o)
                0x000000000001656c                __ssvfscanf_r
 .text.get_arg  0x0000000000019544      0x76c c:/devkitpro/devkita64/bin/../lib/gcc/aarch64-none-elf/8.3.0/../../../../aarch64-none-elf/lib/pic\libg.a(lib_a-vfprintf.o)
 .text._vfprintf_r
                0x0000000000019cb0     0x3c28 c:/devkitpro/devkita64/bin/../lib/gcc/aarch64-none-elf/8.3.0/../../../../aarch64-none-elf/lib/pic\libg.a(lib_a-vfprintf.o)
                0x0000000000019cb0                _vfprintf_r
 .text.__sbprintf
                0x000000000001d8d8       0xec c:/devkitpro/devkita64/bin/../lib/gcc/aarch64-none-elf/8.3.0/../../../../aarch64-none-elf/lib/pic\libg.a(lib_a-vfprintf.o)
 *fill*         0x000000000001d9c4        0x4 
 .text._wcrtomb_r
                0x000000000001d9c8       0xd0 c:/devkitpro/devkita64/bin/../lib/gcc/aarch64-none-elf/8.3.0/../../../../aarch64-none-elf/lib/pic\libg.a(lib_a-wcrtomb.o)
                0x000000000001d9c8                _wcrtomb_r
 .text._wcsrtombs_r
                0x000000000001da98       0x10 c:/devkitpro/devkita64/bin/../lib/gcc/aarch64-none-elf/8.3.0/../../../../aarch64-none-elf/lib/pic\libg.a(lib_a-wcsrtombs.o)
                0x000000000001da98                _wcsrtombs_r
 .text.__swsetup_r
                0x000000000001daa8      0x140 c:/devkitpro/devkita64/bin/../lib/gcc/aarch64-none-elf/8.3.0/../../../../aarch64-none-elf/lib/pic\libg.a(lib_a-wsetup.o)
                0x000000000001daa8                __swsetup_r
 .text.__call_exitprocs
                0x000000000001dbe8      0x124 c:/devkitpro/devkita64/bin/../lib/gcc/aarch64-none-elf/8.3.0/../../../../aarch64-none-elf/lib/pic\libg.a(lib_a-__call_atexit.o)
                0x000000000001dbe8                __call_exitprocs
 *fill*         0x000000000001dd0c        0x4 
 .text.quorem   0x000000000001dd10      0x1a8 c:/devkitpro/devkita64/bin/../lib/gcc/aarch64-none-elf/8.3.0/../../../../aarch64-none-elf/lib/pic\libg.a(lib_a-dtoa.o)
 .text._dtoa_r  0x000000000001deb8     0x10dc c:/devkitpro/devkita64/bin/../lib/gcc/aarch64-none-elf/8.3.0/../../../../aarch64-none-elf/lib/pic\libg.a(lib_a-dtoa.o)
                0x000000000001deb8                _dtoa_r
 *fill*         0x000000000001ef94        0x4 
 .text.__env_lock
                0x000000000001ef98        0xc c:/devkitpro/devkita64/bin/../lib/gcc/aarch64-none-elf/8.3.0/../../../../aarch64-none-elf/lib/pic\libg.a(lib_a-envlock.o)
                0x000000000001ef98                __env_lock
 *fill*         0x000000000001efa4        0x4 
 .text.__env_unlock
                0x000000000001efa8        0xc c:/devkitpro/devkita64/bin/../lib/gcc/aarch64-none-elf/8.3.0/../../../../aarch64-none-elf/lib/pic\libg.a(lib_a-envlock.o)
                0x000000000001efa8                __env_unlock
 *fill*         0x000000000001efb4        0x4 
 .text.__sflags
                0x000000000001efb8       0xa8 c:/devkitpro/devkita64/bin/../lib/gcc/aarch64-none-elf/8.3.0/../../../../aarch64-none-elf/lib/pic\libg.a(lib_a-flags.o)
                0x000000000001efb8                __sflags
 .text.__sfvwrite_r
                0x000000000001f060      0x4b8 c:/devkitpro/devkita64/bin/../lib/gcc/aarch64-none-elf/8.3.0/../../../../aarch64-none-elf/lib/pic\libg.a(lib_a-fvwrite.o)
                0x000000000001f060                __sfvwrite_r
 .text._findenv_r
                0x000000000001f518      0x100 c:/devkitpro/devkita64/bin/../lib/gcc/aarch64-none-elf/8.3.0/../../../../aarch64-none-elf/lib/pic\libg.a(lib_a-getenv_r.o)
                0x000000000001f518                _findenv_r
 .text.iswspace
                0x000000000001f618        0x8 c:/devkitpro/devkita64/bin/../lib/gcc/aarch64-none-elf/8.3.0/../../../../aarch64-none-elf/lib/pic\libg.a(lib_a-iswspace.o)
                0x000000000001f618                iswspace
 .text.__localeconv_l
                0x000000000001f620        0x8 c:/devkitpro/devkita64/bin/../lib/gcc/aarch64-none-elf/8.3.0/../../../../aarch64-none-elf/lib/pic\libg.a(lib_a-localeconv.o)
                0x000000000001f620                __localeconv_l
 .text._localeconv_r
                0x000000000001f628       0x28 c:/devkitpro/devkita64/bin/../lib/gcc/aarch64-none-elf/8.3.0/../../../../aarch64-none-elf/lib/pic\libg.a(lib_a-localeconv.o)
                0x000000000001f628                _localeconv_r
 .text.__locale_mb_cur_max
                0x000000000001f650       0x2c c:/devkitpro/devkita64/bin/../lib/gcc/aarch64-none-elf/8.3.0/../../../../aarch64-none-elf/lib/pic\libg.a(lib_a-locale.o)
                0x000000000001f650                __locale_mb_cur_max
 *fill*         0x000000000001f67c        0x4 
 .text._mbrtowc_r
                0x000000000001f680       0xd8 c:/devkitpro/devkita64/bin/../lib/gcc/aarch64-none-elf/8.3.0/../../../../aarch64-none-elf/lib/pic\libg.a(lib_a-mbrtowc.o)
                0x000000000001f680                _mbrtowc_r
 .text.__utf8_mbtowc
                0x000000000001f758      0x2c8 c:/devkitpro/devkita64/bin/../lib/gcc/aarch64-none-elf/8.3.0/../../../../aarch64-none-elf/lib/pic\libg.a(lib_a-mbtowc_r.o)
                0x000000000001f758                __utf8_mbtowc
 *fill*         0x000000000001fa20       0x20 
 .text          0x000000000001fa40       0xac c:/devkitpro/devkita64/bin/../lib/gcc/aarch64-none-elf/8.3.0/../../../../aarch64-none-elf/lib/pic\libg.a(lib_a-memmove.o)
                0x000000000001fa40                memmove
 *fill*         0x000000000001faec        0x4 
 .text._Balloc  0x000000000001faf0       0x90 c:/devkitpro/devkita64/bin/../lib/gcc/aarch64-none-elf/8.3.0/../../../../aarch64-none-elf/lib/pic\libg.a(lib_a-mprec.o)
                0x000000000001faf0                _Balloc
 .text._Bfree   0x000000000001fb80       0x1c c:/devkitpro/devkita64/bin/../lib/gcc/aarch64-none-elf/8.3.0/../../../../aarch64-none-elf/lib/pic\libg.a(lib_a-mprec.o)
                0x000000000001fb80                _Bfree
 *fill*         0x000000000001fb9c        0x4 
 .text.__multadd
                0x000000000001fba0       0xe8 c:/devkitpro/devkita64/bin/../lib/gcc/aarch64-none-elf/8.3.0/../../../../aarch64-none-elf/lib/pic\libg.a(lib_a-mprec.o)
                0x000000000001fba0                __multadd
 .text.__s2b    0x000000000001fc88      0x120 c:/devkitpro/devkita64/bin/../lib/gcc/aarch64-none-elf/8.3.0/../../../../aarch64-none-elf/lib/pic\libg.a(lib_a-mprec.o)
                0x000000000001fc88                __s2b
 .text.__hi0bits
                0x000000000001fda8       0x5c c:/devkitpro/devkita64/bin/../lib/gcc/aarch64-none-elf/8.3.0/../../../../aarch64-none-elf/lib/pic\libg.a(lib_a-mprec.o)
                0x000000000001fda8                __hi0bits
 *fill*         0x000000000001fe04        0x4 
 .text.__lo0bits
                0x000000000001fe08       0xa0 c:/devkitpro/devkita64/bin/../lib/gcc/aarch64-none-elf/8.3.0/../../../../aarch64-none-elf/lib/pic\libg.a(lib_a-mprec.o)
                0x000000000001fe08                __lo0bits
 .text.__i2b    0x000000000001fea8       0x2c c:/devkitpro/devkita64/bin/../lib/gcc/aarch64-none-elf/8.3.0/../../../../aarch64-none-elf/lib/pic\libg.a(lib_a-mprec.o)
                0x000000000001fea8                __i2b
 *fill*         0x000000000001fed4        0x4 
 .text.__multiply
                0x000000000001fed8      0x1c8 c:/devkitpro/devkita64/bin/../lib/gcc/aarch64-none-elf/8.3.0/../../../../aarch64-none-elf/lib/pic\libg.a(lib_a-mprec.o)
                0x000000000001fed8                __multiply
 .text.__pow5mult
                0x00000000000200a0      0x104 c:/devkitpro/devkita64/bin/../lib/gcc/aarch64-none-elf/8.3.0/../../../../aarch64-none-elf/lib/pic\libg.a(lib_a-mprec.o)
                0x00000000000200a0                __pow5mult
 *fill*         0x00000000000201a4        0x4 
 .text.__lshift
                0x00000000000201a8      0x134 c:/devkitpro/devkita64/bin/../lib/gcc/aarch64-none-elf/8.3.0/../../../../aarch64-none-elf/lib/pic\libg.a(lib_a-mprec.o)